Component: ARM Compiler 5.06 update 3 (build 300) Tool: armlink [4d35c9]

==============================================================================

Section Cross References

    freertos.o(i.MX_FREERTOS_Init) refers to rt_memcpy_w.o(.text) for __aeabi_memcpy4
    freertos.o(i.MX_FREERTOS_Init) refers to cmsis_os.o(i.osThreadCreate) for osThreadCreate
    freertos.o(i.MX_FREERTOS_Init) refers to freertos.o(.constdata) for .constdata
    freertos.o(i.MX_FREERTOS_Init) refers to freertos.o(.data) for .data
    freertos.o(i.StartDefaultTask) refers to stm32f4xx_hal.o(i.HAL_Delay) for HAL_Delay
    freertos.o(i.StartDefaultTask) refers to cmsis_os.o(i.osDelay) for osDelay
    freertos.o(.constdata) refers to freertos.o(.conststring) for .conststring
    freertos.o(.constdata) refers to freertos.o(i.StartDefaultTask) for StartDefaultTask
    freertos.o(.constdata) refers to chassis_task.o(i.chassis_task) for chassis_task
    freertos.o(.constdata) refers to gimbal_task.o(i.gimbal_task) for gimbal_task
    freertos.o(.constdata) refers to error_task.o(i.detect_task) for detect_task
    stm32f4xx_hal_msp.o(i.HAL_MspInit) refers to stm32f4xx_hal_cortex.o(i.HAL_NVIC_SetPriorityGrouping) for HAL_NVIC_SetPriorityGrouping
    stm32f4xx_hal_msp.o(i.HAL_MspInit) refers to stm32f4xx_hal_cortex.o(i.HAL_NVIC_SetPriority) for HAL_NVIC_SetPriority
    stm32f4xx_it.o(i.CAN1_RX0_IRQHandler) refers to stm32f4xx_hal_can.o(i.HAL_CAN_IRQHandler) for HAL_CAN_IRQHandler
    stm32f4xx_it.o(i.CAN1_RX0_IRQHandler) refers to can.o(.bss) for hcan1
    stm32f4xx_it.o(i.CAN1_TX_IRQHandler) refers to stm32f4xx_hal_can.o(i.HAL_CAN_IRQHandler) for HAL_CAN_IRQHandler
    stm32f4xx_it.o(i.CAN1_TX_IRQHandler) refers to can.o(.bss) for hcan1
    stm32f4xx_it.o(i.CAN2_RX0_IRQHandler) refers to stm32f4xx_hal_can.o(i.HAL_CAN_IRQHandler) for HAL_CAN_IRQHandler
    stm32f4xx_it.o(i.CAN2_RX0_IRQHandler) refers to can.o(.bss) for hcan2
    stm32f4xx_it.o(i.CAN2_TX_IRQHandler) refers to stm32f4xx_hal_can.o(i.HAL_CAN_IRQHandler) for HAL_CAN_IRQHandler
    stm32f4xx_it.o(i.CAN2_TX_IRQHandler) refers to can.o(.bss) for hcan2
    stm32f4xx_it.o(i.DMA1_Stream1_IRQHandler) refers to stm32f4xx_hal_dma.o(i.HAL_DMA_IRQHandler) for HAL_DMA_IRQHandler
    stm32f4xx_it.o(i.DMA1_Stream1_IRQHandler) refers to usart.o(.bss) for hdma_usart3_rx
    stm32f4xx_it.o(i.DMA1_Stream5_IRQHandler) refers to stm32f4xx_hal_dma.o(i.HAL_DMA_IRQHandler) for HAL_DMA_IRQHandler
    stm32f4xx_it.o(i.DMA1_Stream5_IRQHandler) refers to usart.o(.bss) for hdma_usart2_rx
    stm32f4xx_it.o(i.DMA2_Stream1_IRQHandler) refers to stm32f4xx_hal_dma.o(i.HAL_DMA_IRQHandler) for HAL_DMA_IRQHandler
    stm32f4xx_it.o(i.DMA2_Stream1_IRQHandler) refers to usart.o(.bss) for hdma_usart6_rx
    stm32f4xx_it.o(i.DMA2_Stream2_IRQHandler) refers to stm32f4xx_hal_dma.o(i.HAL_DMA_IRQHandler) for HAL_DMA_IRQHandler
    stm32f4xx_it.o(i.DMA2_Stream2_IRQHandler) refers to usart.o(.bss) for hdma_usart1_rx
    stm32f4xx_it.o(i.SysTick_Handler) refers to cmsis_os.o(i.osSystickHandler) for osSystickHandler
    stm32f4xx_it.o(i.TIM6_DAC_IRQHandler) refers to stm32f4xx_hal_tim.o(i.HAL_TIM_IRQHandler) for HAL_TIM_IRQHandler
    stm32f4xx_it.o(i.TIM6_DAC_IRQHandler) refers to stm32f4xx_hal_timebase_tim.o(.bss) for htim6
    stm32f4xx_it.o(i.USART1_IRQHandler) refers to bsp_uart.o(i.MyUartFrameIRQHandler) for MyUartFrameIRQHandler
    stm32f4xx_it.o(i.USART1_IRQHandler) refers to stm32f4xx_hal_uart.o(i.HAL_UART_IRQHandler) for HAL_UART_IRQHandler
    stm32f4xx_it.o(i.USART1_IRQHandler) refers to usart.o(.bss) for huart1
    stm32f4xx_it.o(i.USART2_IRQHandler) refers to bsp_uart.o(i.MyUartFrameIRQHandler) for MyUartFrameIRQHandler
    stm32f4xx_it.o(i.USART2_IRQHandler) refers to stm32f4xx_hal_uart.o(i.HAL_UART_IRQHandler) for HAL_UART_IRQHandler
    stm32f4xx_it.o(i.USART2_IRQHandler) refers to usart.o(.bss) for huart2
    stm32f4xx_it.o(i.USART3_IRQHandler) refers to bsp_uart.o(i.MyUartFrameIRQHandler) for MyUartFrameIRQHandler
    stm32f4xx_it.o(i.USART3_IRQHandler) refers to stm32f4xx_hal_uart.o(i.HAL_UART_IRQHandler) for HAL_UART_IRQHandler
    stm32f4xx_it.o(i.USART3_IRQHandler) refers to usart.o(.bss) for huart3
    stm32f4xx_it.o(i.USART6_IRQHandler) refers to bsp_uart.o(i.MyUartFrameIRQHandler) for MyUartFrameIRQHandler
    stm32f4xx_it.o(i.USART6_IRQHandler) refers to stm32f4xx_hal_uart.o(i.HAL_UART_IRQHandler) for HAL_UART_IRQHandler
    stm32f4xx_it.o(i.USART6_IRQHandler) refers to usart.o(.bss) for huart6
    stm32f4xx_hal_timebase_tim.o(i.HAL_InitTick) refers to stm32f4xx_hal_cortex.o(i.HAL_NVIC_SetPriority) for HAL_NVIC_SetPriority
    stm32f4xx_hal_timebase_tim.o(i.HAL_InitTick) refers to stm32f4xx_hal_cortex.o(i.HAL_NVIC_EnableIRQ) for HAL_NVIC_EnableIRQ
    stm32f4xx_hal_timebase_tim.o(i.HAL_InitTick) refers to stm32f4xx_hal_rcc.o(i.HAL_RCC_GetClockConfig) for HAL_RCC_GetClockConfig
[...]
    __scatterload_zeroinit                   0x08000225   Thumb Code    28  __scatter_zi.o(!!handler_zi)
    __rt_lib_init                            0x08000241   Thumb Code     0  libinit.o(.ARM.Collect$$libinit$$00000000)
    __rt_lib_init_fp_1                       0x08000243   Thumb Code     0  libinit2.o(.ARM.Collect$$libinit$$00000001)
    __rt_lib_init_alloca_1                   0x08000247   Thumb Code     0  libinit2.o(.ARM.Collect$$libinit$$0000002E)
    __rt_lib_init_argv_1                     0x08000247   Thumb Code     0  libinit2.o(.ARM.Collect$$libinit$$0000002C)
    __rt_lib_init_atexit_1                   0x08000247   Thumb Code     0  libinit2.o(.ARM.Collect$$libinit$$0000001B)
    __rt_lib_init_clock_1                    0x08000247   Thumb Code     0  libinit2.o(.ARM.Collect$$libinit$$00000021)
    __rt_lib_init_cpp_1                      0x08000247   Thumb Code     0  libinit2.o(.ARM.Collect$$libinit$$00000032)
    __rt_lib_init_exceptions_1               0x08000247   Thumb Code     0  libinit2.o(.ARM.Collect$$libinit$$00000030)
    __rt_lib_init_fp_trap_1                  0x08000247   Thumb Code     0  libinit2.o(.ARM.Collect$$libinit$$0000001F)
    __rt_lib_init_getenv_1                   0x08000247   Thumb Code     0  libinit2.o(.ARM.Collect$$libinit$$00000023)
    __rt_lib_init_heap_1                     0x08000247   Thumb Code     0  libinit2.o(.ARM.Collect$$libinit$$0000000A)
    __rt_lib_init_lc_collate_1               0x08000247   Thumb Code     0  libinit2.o(.ARM.Collect$$libinit$$00000011)
    __rt_lib_init_lc_ctype_1                 0x08000247   Thumb Code     0  libinit2.o(.ARM.Collect$$libinit$$00000013)
    __rt_lib_init_lc_monetary_1              0x08000247   Thumb Code     0  libinit2.o(.ARM.Collect$$libinit$$00000015)
    __rt_lib_init_lc_numeric_1               0x08000247   Thumb Code     0  libinit2.o(.ARM.Collect$$libinit$$00000017)
    __rt_lib_init_lc_time_1                  0x08000247   Thumb Code     0  libinit2.o(.ARM.Collect$$libinit$$00000019)
    __rt_lib_init_preinit_1                  0x08000247   Thumb Code     0  libinit2.o(.ARM.Collect$$libinit$$00000004)
    __rt_lib_init_rand_1                     0x08000247   Thumb Code     0  libinit2.o(.ARM.Collect$$libinit$$0000000E)
    __rt_lib_init_return                     0x08000247   Thumb Code     0  libinit2.o(.ARM.Collect$$libinit$$00000033)
    __rt_lib_init_signal_1                   0x08000247   Thumb Code     0  libinit2.o(.ARM.Collect$$libinit$$0000001D)
    __rt_lib_init_stdio_1                    0x08000247   Thumb Code     0  libinit2.o(.ARM.Collect$$libinit$$00000025)
    __rt_lib_init_user_alloc_1               0x08000247   Thumb Code     0  libinit2.o(.ARM.Collect$$libinit$$0000000C)
    __rt_lib_shutdown                        0x08000249   Thumb Code     0  libshutdown.o(.ARM.Collect$$libshutdown$$00000000)
    __rt_lib_shutdown_cpp_1                  0x0800024b   Thumb Code     0  libshutdown2.o(.ARM.Collect$$libshutdown$$00000002)
    __rt_lib_shutdown_fp_trap_1              0x0800024b   Thumb Code     0  libshutdown2.o(.ARM.Collect$$libshutdown$$00000007)
    __rt_lib_shutdown_heap_1                 0x0800024b   Thumb Code     0  libshutdown2.o(.ARM.Collect$$libshutdown$$0000000F)
    __rt_lib_shutdown_return                 0x0800024b   Thumb Code     0  libshutdown2.o(.ARM.Collect$$libshutdown$$00000010)
    __rt_lib_shutdown_signal_1               0x0800024b   Thumb Code     0  libshutdown2.o(.ARM.Collect$$libshutdown$$0000000A)
    __rt_lib_shutdown_stdio_1                0x0800024b   Thumb Code     0  libshutdown2.o(.ARM.Collect$$libshutdown$$00000004)
    __rt_lib_shutdown_user_alloc_1           0x0800024b   Thumb Code     0  libshutdown2.o(.ARM.Collect$$libshutdown$$0000000C)
    __rt_entry                               0x0800024d   Thumb Code     0  __rtentry.o(.ARM.Collect$$rtentry$$00000000)
    __rt_entry_presh_1                       0x0800024d   Thumb Code     0  __rtentry2.o(.ARM.Collect$$rtentry$$00000002)
    __rt_entry_sh                            0x0800024d   Thumb Code     0  __rtentry4.o(.ARM.Collect$$rtentry$$00000004)
    __rt_entry_li                            0x08000253   Thumb Code     0  __rtentry2.o(.ARM.Collect$$rtentry$$0000000A)
    __rt_entry_postsh_1                      0x08000253   Thumb Code     0  __rtentry2.o(.ARM.Collect$$rtentry$$00000009)
    __rt_entry_main                          0x08000257   Thumb Code     0  __rtentry2.o(.ARM.Collect$$rtentry$$0000000D)
    __rt_entry_postli_1                      0x08000257   Thumb Code     0  __rtentry2.o(.ARM.Collect$$rtentry$$0000000C)
    __rt_exit                                0x0800025f   Thumb Code     0  rtexit.o(.ARM.Collect$$rtexit$$00000000)
    __rt_exit_ls                             0x08000261   Thumb Code     0  rtexit2.o(.ARM.Collect$$rtexit$$00000003)
    __rt_exit_prels_1                        0x08000261   Thumb Code     0  rtexit2.o(.ARM.Collect$$rtexit$$00000002)
    __rt_exit_exit                           0x08000265   Thumb Code     0  rtexit2.o(.ARM.Collect$$rtexit$$00000004)
    SVC_Handler                              0x0800026d   Thumb Code    28  port.o(.emb_text)
    __asm___6_port_c_39a90d8d__prvStartFirstTask 0x0800028d   Thumb Code    28  port.o(.emb_text)
    __asm___6_port_c_39a90d8d__prvEnableVFP  0x080002ad   Thumb Code    16  port.o(.emb_text)
    PendSV_Handler                           0x080002c1   Thumb Code    92  port.o(.emb_text)
    vPortGetIPSR                             0x08000321   Thumb Code     6  port.o(.emb_text)
    Reset_Handler                            0x08000329   Thumb Code     8  startup_stm32f427xx.o(.text)
    ADC_IRQHandler                           0x08000343   Thumb Code     0  startup_stm32f427xx.o(.text)
    CAN1_RX1_IRQHandler                      0x08000343   Thumb Code     0  startup_stm32f427xx.o(.text)
    CAN1_SCE_IRQHandler                      0x08000343   Thumb Code     0  startup_stm32f427xx.o(.text)
    CAN2_RX1_IRQHandler                      0x08000343   Thumb Code     0  startup_stm32f427xx.o(.text)
    CAN2_SCE_IRQHandler                      0x08000343   Thumb Code     0  startup_stm32f427xx.o(.text)
    DCMI_IRQHandler                          0x08000343   Thumb Code     0  startup_stm32f427xx.o(.text)
    DMA1_Stream0_IRQHandler                  0x08000343   Thumb Code     0  startup_stm32f427xx.o(.text)
    DMA1_Stream2_IRQHandler                  0x08000343   Thumb Code     0  startup_stm32f427xx.o(.text)
    DMA1_Stream3_IRQHandler                  0x08000343   Thumb Code     0  startup_stm32f427xx.o(.text)
    DMA1_Stream4_IRQHandler                  0x08000343   Thumb Code     0  startup_stm32f427xx.o(.text)
    DMA1_Stream6_IRQHandler                  0x08000343   Thumb Code     0  startup_stm32f427xx.o(.text)
    DMA1_Stream7_IRQHandler                  0x08000343   Thumb Code     0  startup_stm32f427xx.o(.text)
    DMA2D_IRQHandler                         0x08000343   Thumb Code     0  startup_stm32f427xx.o(.text)
    DMA2_Stream0_IRQHandler                  0x08000343   Thumb Code     0  startup_stm32f427xx.o(.text)
    DMA2_Stream3_IRQHandler                  0x08000343   Thumb Code     0  startup_stm32f427xx.o(.text)
    DMA2_Stream4_IRQHandler                  0x08000343   Thumb Code     0  startup_stm32f427xx.o(.text)
    DMA2_Stream5_IRQHandler                  0x08000343   Thumb Code     0  startup_stm32f427xx.o(.text)
    DMA2_Stream6_IRQHandler                  0x08000343   Thumb Code     0  startup_stm32f427xx.o(.text)
    DMA2_Stream7_IRQHandler                  0x08000343   Thumb Code     0  startup_stm32f427xx.o(.text)
    ETH_IRQHandler                           0x08000343   Thumb Code     0  startup_stm32f427xx.o(.text)
    ETH_WKUP_IRQHandler                      0x08000343   Thumb Code     0  startup_stm32f427xx.o(.text)
    EXTI0_IRQHandler                         0x08000343   Thumb Code     0  startup_stm32f427xx.o(.text)
    EXTI15_10_IRQHandler                     0x08000343   Thumb Code     0  startup_stm32f427xx.o(.text)
    EXTI1_IRQHandler                         0x08000343   Thumb Code     0  startup_stm32f427xx.o(.text)
    EXTI2_IRQHandler                         0x08000343   Thumb Code     0  startup_stm32f427xx.o(.text)
    EXTI3_IRQHandler                         0x08000343   Thumb Code     0  startup_stm32f427xx.o(.text)
    EXTI4_IRQHandler                         0x08000343   Thumb Code     0  startup_stm32f427xx.o(.text)
    EXTI9_5_IRQHandler                       0x08000343   Thumb Code     0  startup_stm32f427xx.o(.text)
    FLASH_IRQHandler                         0x08000343   Thumb Code     0  startup_stm32f427xx.o(.text)
    FMC_IRQHandler                           0x08000343   Thumb Code     0  startup_stm32f427xx.o(.text)
    FPU_IRQHandler                           0x08000343   Thumb Code     0  startup_stm32f427xx.o(.text)
    HASH_RNG_IRQHandler                      0x08000343   Thumb Code     0  startup_stm32f427xx.o(.text)
    I2C1_ER_IRQHandler                       0x08000343   Thumb Code     0  startup_stm32f427xx.o(.text)
    I2C1_EV_IRQHandler                       0x08000343   Thumb Code     0  startup_stm32f427xx.o(.text)
    I2C2_ER_IRQHandler                       0x08000343   Thumb Code     0  startup_stm32f427xx.o(.text)
    I2C2_EV_IRQHandler                       0x08000343   Thumb Code     0  startup_stm32f427xx.o(.text)
    I2C3_ER_IRQHandler                       0x08000343   Thumb Code     0  startup_stm32f427xx.o(.text)
    I2C3_EV_IRQHandler                       0x08000343   Thumb Code     0  startup_stm32f427xx.o(.text)
    OTG_FS_IRQHandler                        0x08000343   Thumb Code     0  startup_stm32f427xx.o(.text)
    OTG_FS_WKUP_IRQHandler                   0x08000343   Thumb Code     0  startup_stm32f427xx.o(.text)
    OTG_HS_EP1_IN_IRQHandler                 0x08000343   Thumb Code     0  startup_stm32f427xx.o(.text)
    OTG_HS_EP1_OUT_IRQHandler                0x08000343   Thumb Code     0  startup_stm32f427xx.o(.text)
    OTG_HS_IRQHandler                        0x08000343   Thumb Code     0  startup_stm32f427xx.o(.text)
    OTG_HS_WKUP_IRQHandler                   0x08000343   Thumb Code     0  startup_stm32f427xx.o(.text)
    PVD_IRQHandler                           0x08000343   Thumb Code     0  startup_stm32f427xx.o(.text)
    RCC_IRQHandler                           0x08000343   Thumb Code     0  startup_stm32f427xx.o(.text)
    RTC_Alarm_IRQHandler                     0x08000343   Thumb Code     0  startup_stm32f427xx.o(.text)
    RTC_WKUP_IRQHandler                      0x08000343   Thumb Code     0  startup_stm32f427xx.o(.text)
    SAI1_IRQHandler                          0x08000343   Thumb Code     0  startup_stm32f427xx.o(.text)
    SDIO_IRQHandler                          0x08000343   Thumb Code     0  startup_stm32f427xx.o(.text)
    SPI1_IRQHandler                          0x08000343   Thumb Code     0  startup_stm32f427xx.o(.text)
    SPI2_IRQHandler                          0x08000343   Thumb Code     0  startup_stm32f427xx.o(.text)
    SPI3_IRQHandler                          0x08000343   Thumb Code     0  startup_stm32f427xx.o(.text)
    SPI4_IRQHandler                          0x08000343   Thumb Code     0  startup_stm32f427xx.o(.text)
    SPI5_IRQHandler                          0x08000343   Thumb Code     0  startup_stm32f427xx.o(.text)
    SPI6_IRQHandler                          0x08000343   Thumb Code     0  startup_stm32f427xx.o(.text)
    TAMP_STAMP_IRQHandler                    0x08000343   Thumb Code     0  startup_stm32f427xx.o(.text)
    TIM1_BRK_TIM9_IRQHandler                 0x08000343   Thumb Code     0  startup_stm32f427xx.o(.text)
    TIM1_CC_IRQHandler                       0x08000343   Thumb Code     0  startup_stm32f427xx.o(.text)
    TIM1_TRG_COM_TIM11_IRQHandler            0x08000343   Thumb Code     0  startup_stm32f427xx.o(.text)
    TIM1_UP_TIM10_IRQHandler                 0x08000343   Thumb Code     0  startup_stm32f427xx.o(.text)
    TIM2_IRQHandler                          0x08000343   Thumb Code     0  startup_stm32f427xx.o(.text)
    TIM3_IRQHandler                          0x08000343   Thumb Code     0  startup_stm32f427xx.o(.text)
    TIM4_IRQHandler                          0x08000343   Thumb Code     0  startup_stm32f427xx.o(.text)
    TIM5_IRQHandler                          0x08000343   Thumb Code     0  startup_stm32f427xx.o(.text)
    TIM7_IRQHandler                          0x08000343   Thumb Code     0  startup_stm32f427xx.o(.text)
    TIM8_BRK_TIM12_IRQHandler                0x08000343   Thumb Code     0  startup_stm32f427xx.o(.text)
    TIM8_CC_IRQHandler                       0x08000343   Thumb Code     0  startup_stm32f427xx.o(.text)
    TIM8_TRG_COM_TIM14_IRQHandler            0x08000343   Thumb Code     0  startup_stm32f427xx.o(.text)
    TIM8_UP_TIM13_IRQHandler                 0x08000343   Thumb Code     0  startup_stm32f427xx.o(.text)
    UART4_IRQHandler                         0x08000343   Thumb Code     0  startup_stm32f427xx.o(.text)
    UART5_IRQHandler                         0x08000343   Thumb Code     0  startup_stm32f427xx.o(.text)
    UART7_IRQHandler                         0x08000343   Thumb Code     0  startup_stm32f427xx.o(.text)
    UART8_IRQHandler                         0x08000343   Thumb Code     0  startup_stm32f427xx.o(.text)
    WWDG_IRQHandler                          0x08000343   Thumb Code     0  startup_stm32f427xx.o(.text)
    __user_initial_stackheap                 0x08000345   Thumb Code     0  startup_stm32f427xx.o(.text)
    __aeabi_memcpy                           0x08000369   Thumb Code     0  rt_memcpy_v6.o(.text)
    __rt_memcpy                              0x08000369   Thumb Code   138  rt_memcpy_v6.o(.text)
    _memcpy_lastbytes                        0x080003cf   Thumb Code     0  rt_memcpy_v6.o(.text)
    __aeabi_memcpy4                          0x080003f3   Thumb Code     0  rt_memcpy_w.o(.text)
    __aeabi_memcpy8                          0x080003f3   Thumb Code     0  rt_memcpy_w.o(.text)
    __rt_memcpy_w                            0x080003f3   Thumb Code   100  rt_memcpy_w.o(.text)
    _memcpy_lastbytes_aligned                0x0800043b   Thumb Code     0  rt_memcpy_w.o(.text)
    __aeabi_memset                           0x08000457   Thumb Code    16  aeabi_memset.o(.text)
    __use_two_region_memory                  0x08000467   Thumb Code     2  heapauxi.o(.text)
    __rt_heap_escrow$2region                 0x08000469   Thumb Code     2  heapauxi.o(.text)
    __rt_heap_expand$2region                 0x0800046b   Thumb Code     2  heapauxi.o(.text)
    __aeabi_memclr                           0x0800046d   Thumb Code     0  rt_memclr.o(.text)
    __rt_memclr                              0x0800046d   Thumb Code    68  rt_memclr.o(.text)
    _memset                                  0x08000471   Thumb Code     0  rt_memclr.o(.text)
    __aeabi_memclr4                          0x080004b1   Thumb Code     0  rt_memclr_w.o(.text)
    __aeabi_memclr8                          0x080004b1   Thumb Code     0  rt_memclr_w.o(.text)
    __rt_memclr_w                            0x080004b1   Thumb Code    78  rt_memclr_w.o(.text)
    _memset_w                                0x080004b5   Thumb Code     0  rt_memclr_w.o(.text)
    __user_libspace                          0x08000501   Thumb Code     8  libspace.o(.text)
    __user_perproc_libspace                  0x08000501   Thumb Code     0  libspace.o(.text)
    __user_perthread_libspace                0x08000501   Thumb Code     0  libspace.o(.text)
    __user_setup_stackheap                   0x08000509   Thumb Code    74  sys_stackheap_outer.o(.text)
    exit                                     0x08000553   Thumb Code    18  exit.o(.text)
    _sys_exit                                0x08000565   Thumb Code     8  sys_exit.o(.text)
    __I$use$semihosting                      0x08000571   Thumb Code     0  use_no_semi.o(.text)
    __use_no_semihosting_swi                 0x08000571   Thumb Code     2  use_no_semi.o(.text)
    __semihosting_library_function           0x08000573   Thumb Code     0  indicate_semi.o(.text)
    AppParamInit                             0x08000575   Thumb Code    18  calibrate.o(i.AppParamInit)
    AppParamReadFromFlash                    0x0800059d   Thumb Code    10  calibrate.o(i.AppParamReadFromFlash)
    AppParamSave2Flash                       0x080005b1   Thumb Code     8  calibrate.o(i.AppParamSave2Flash)
    BSP_FLASH_Write                          0x080005bd   Thumb Code    78  bsp_flash.o(i.BSP_FLASH_Write)
    BusFault_Handler                         0x08000619   Thumb Code     2  stm32f4xx_it.o(i.BusFault_Handler)
    CAN1_RX0_IRQHandler                      0x0800061d   Thumb Code     6  stm32f4xx_it.o(i.CAN1_RX0_IRQHandler)
    CAN1_TX_IRQHandler                       0x08000629   Thumb Code     6  stm32f4xx_it.o(i.CAN1_TX_IRQHandler)
    CAN2_RX0_IRQHandler                      0x08000635   Thumb Code     6  stm32f4xx_it.o(i.CAN2_RX0_IRQHandler)
    CAN2_TX_IRQHandler                       0x08000641   Thumb Code     6  stm32f4xx_it.o(i.CAN2_TX_IRQHandler)
    DMA1_Stream1_IRQHandler                  0x080007d5   Thumb Code     6  stm32f4xx_it.o(i.DMA1_Stream1_IRQHandler)
    DMA1_Stream5_IRQHandler                  0x080007e1   Thumb Code     6  stm32f4xx_it.o(i.DMA1_Stream5_IRQHandler)
    DMA2_Stream1_IRQHandler                  0x080007ed   Thumb Code     6  stm32f4xx_it.o(i.DMA2_Stream1_IRQHandler)
    DMA2_Stream2_IRQHandler                  0x080007f9   Thumb Code     6  stm32f4xx_it.o(i.DMA2_Stream2_IRQHandler)
    DebugMon_Handler                         0x080008a9   Thumb Code     2  stm32f4xx_it.o(i.DebugMon_Handler)
    EndIdleMonitor                           0x080008ad   Thumb Code    32  cpu_utils.o(i.EndIdleMonitor)
    Error_Handler                            0x080008d1   Thumb Code     2  main.o(i.Error_Handler)
    FLASH_Erase_Sector                       0x080008d5   Thumb Code    90  stm32f4xx_hal_flash_ex.o(i.FLASH_Erase_Sector)
    FLASH_FlushCaches                        0x08000935   Thumb Code    80  stm32f4xx_hal_flash_ex.o(i.FLASH_FlushCaches)
    FLASH_WaitForLastOperation               0x08000ae1   Thumb Code    80  stm32f4xx_hal_flash.o(i.FLASH_WaitForLastOperation)
    Get_CRC16_Check_Sum                      0x08000cb5   Thumb Code    38  judge_sys.o(i.Get_CRC16_Check_Sum)
    Get_CRC8_Check_Sum                       0x08000ce1   Thumb Code    26  judge_sys.o(i.Get_CRC8_Check_Sum)
    HAL_CAN_ConfigFilter                     0x08000d01   Thumb Code   218  stm32f4xx_hal_can.o(i.HAL_CAN_ConfigFilter)
    HAL_CAN_ErrorCallback                    0x08000de5   Thumb Code     2  stm32f4xx_hal_can.o(i.HAL_CAN_ErrorCallback)
    HAL_CAN_IRQHandler                       0x08000de9   Thumb Code   370  stm32f4xx_hal_can.o(i.HAL_CAN_IRQHandler)
    HAL_CAN_Init                             0x08000f69   Thumb Code   328  stm32f4xx_hal_can.o(i.HAL_CAN_Init)
    HAL_CAN_MspInit                          0x080010b1   Thumb Code   200  can.o(i.HAL_CAN_MspInit)
    HAL_CAN_Receive_IT                       0x08001191   Thumb Code   134  stm32f4xx_hal_can.o(i.HAL_CAN_Receive_IT)
    HAL_CAN_RxCpltCallback                   0x08001219   Thumb Code   222  bsp_can.o(i.HAL_CAN_RxCpltCallback)
    HAL_CAN_Transmit                         0x08001311   Thumb Code   390  stm32f4xx_hal_can.o(i.HAL_CAN_Transmit)
    HAL_CAN_TxCpltCallback                   0x080014a5   Thumb Code     2  stm32f4xx_hal_can.o(i.HAL_CAN_TxCpltCallback)
    HAL_DMA_Abort_IT                         0x080014a7   Thumb Code    36  stm32f4xx_hal_dma.o(i.HAL_DMA_Abort_IT)
    HAL_DMA_IRQHandler                       0x080014cd   Thumb Code   414  stm32f4xx_hal_dma.o(i.HAL_DMA_IRQHandler)
    HAL_DMA_Init                             0x08001675   Thumb Code   202  stm32f4xx_hal_dma.o(i.HAL_DMA_Init)
    HAL_DMA_Start                            0x08001745   Thumb Code    70  stm32f4xx_hal_dma.o(i.HAL_DMA_Start)
    HAL_Delay                                0x0800178b   Thumb Code    22  stm32f4xx_hal.o(i.HAL_Delay)
    HAL_FLASHEx_Erase                        0x080017a1   Thumb Code   146  stm32f4xx_hal_flash_ex.o(i.HAL_FLASHEx_Erase)
    HAL_FLASH_Lock                           0x0800183d   Thumb Code    14  stm32f4xx_hal_flash.o(i.HAL_FLASH_Lock)
    HAL_FLASH_Program                        0x08001851   Thumb Code   116  stm32f4xx_hal_flash.o(i.HAL_FLASH_Program)
    HAL_FLASH_Unlock                         0x080018cd   Thumb Code    28  stm32f4xx_hal_flash.o(i.HAL_FLASH_Unlock)
    HAL_GPIO_Init                            0x080018f5   Thumb Code   408  stm32f4xx_hal_gpio.o(i.HAL_GPIO_Init)
    HAL_GPIO_WritePin                        0x08001ac1   Thumb Code    10  stm32f4xx_hal_gpio.o(i.HAL_GPIO_WritePin)
    HAL_GetTick                              0x08001acd   Thumb Code     6  stm32f4xx_hal.o(i.HAL_GetTick)
    HAL_IncTick                              0x08001ad9   Thumb Code    10  stm32f4xx_hal.o(i.HAL_IncTick)
    HAL_Init                                 0x08001ae9   Thumb Code    48  stm32f4xx_hal.o(i.HAL_Init)
    HAL_InitTick                             0x08001b1d   Thumb Code   100  stm32f4xx_hal_timebase_tim.o(i.HAL_InitTick)
    HAL_MspInit                              0x08001b91   Thumb Code    88  stm32f4xx_hal_msp.o(i.HAL_MspInit)
    HAL_NVIC_EnableIRQ                       0x08001be9   Thumb Code    22  stm32f4xx_hal_cortex.o(i.HAL_NVIC_EnableIRQ)
    HAL_NVIC_SetPriority                     0x08001c01   Thumb Code    60  stm32f4xx_hal_cortex.o(i.HAL_NVIC_SetPriority)
    HAL_NVIC_SetPriorityGrouping             0x08001c41   Thumb Code    26  stm32f4xx_hal_cortex.o(i.HAL_NVIC_SetPriorityGrouping)
    HAL_PWREx_EnableOverDrive                0x08001c65   Thumb Code   126  stm32f4xx_hal_pwr_ex.o(i.HAL_PWREx_EnableOverDrive)
    HAL_RCC_ClockConfig                      0x08001cf1   Thumb Code   364  stm32f4xx_hal_rcc.o(i.HAL_RCC_ClockConfig)
    HAL_RCC_GetClockConfig                   0x08001e6d   Thumb Code    54  stm32f4xx_hal_rcc.o(i.HAL_RCC_GetClockConfig)
    HAL_RCC_GetHCLKFreq                      0x08001ead   Thumb Code     6  stm32f4xx_hal_rcc.o(i.HAL_RCC_GetHCLKFreq)
    HAL_RCC_GetPCLK1Freq                     0x08001eb9   Thumb Code    34  stm32f4xx_hal_rcc.o(i.HAL_RCC_GetPCLK1Freq)
    HAL_RCC_GetPCLK2Freq                     0x08001ee9   Thumb Code    34  stm32f4xx_hal_rcc.o(i.HAL_RCC_GetPCLK2Freq)
    HAL_RCC_GetSysClockFreq                  0x08001f19   Thumb Code   104  stm32f4xx_hal_rcc.o(i.HAL_RCC_GetSysClockFreq)
    HAL_RCC_OscConfig                        0x08001f8d   Thumb Code   722  stm32f4xx_hal_rcc.o(i.HAL_RCC_OscConfig)
    HAL_SPI_Init                             0x08002271   Thumb Code   128  stm32f4xx_hal_spi.o(i.HAL_SPI_Init)
    HAL_SPI_MspInit                          0x080022f1   Thumb Code    64  spi.o(i.HAL_SPI_MspInit)
    HAL_SPI_TransmitReceive                  0x0800233d   Thumb Code   472  stm32f4xx_hal_spi.o(i.HAL_SPI_TransmitReceive)
    HAL_SYSTICK_CLKSourceConfig              0x08002515   Thumb Code    24  stm32f4xx_hal_cortex.o(i.HAL_SYSTICK_CLKSourceConfig)
    HAL_SYSTICK_Config                       0x0800252d   Thumb Code    40  stm32f4xx_hal_cortex.o(i.HAL_SYSTICK_Config)
    HAL_TIMEx_BreakCallback                  0x08002555   Thumb Code     2  stm32f4xx_hal_tim_ex.o(i.HAL_TIMEx_BreakCallback)
    HAL_TIMEx_CommutationCallback            0x08002557   Thumb Code     2  stm32f4xx_hal_tim_ex.o(i.HAL_TIMEx_CommutationCallback)
    HAL_TIMEx_ConfigBreakDeadTime            0x08002559   Thumb Code    66  stm32f4xx_hal_tim_ex.o(i.HAL_TIMEx_ConfigBreakDeadTime)
    HAL_TIMEx_MasterConfigSynchronization    0x0800259b   Thumb Code    80  stm32f4xx_hal_tim_ex.o(i.HAL_TIMEx_MasterConfigSynchronization)
    HAL_TIM_Base_Init                        0x080025eb   Thumb Code    54  stm32f4xx_hal_tim.o(i.HAL_TIM_Base_Init)
    HAL_TIM_Base_MspInit                     0x08002621   Thumb Code     2  stm32f4xx_hal_tim.o(i.HAL_TIM_Base_MspInit)
    HAL_TIM_Base_Start_IT                    0x08002623   Thumb Code    24  stm32f4xx_hal_tim.o(i.HAL_TIM_Base_Start_IT)
    HAL_TIM_IC_CaptureCallback               0x0800263b   Thumb Code     2  stm32f4xx_hal_tim.o(i.HAL_TIM_IC_CaptureCallback)
    HAL_TIM_IRQHandler                       0x0800263d   Thumb Code   358  stm32f4xx_hal_tim.o(i.HAL_TIM_IRQHandler)
    HAL_TIM_MspPostInit                      0x080027a5   Thumb Code   224  tim.o(i.HAL_TIM_MspPostInit)
    HAL_TIM_OC_DelayElapsedCallback          0x080028ad   Thumb Code     2  stm32f4xx_hal_tim.o(i.HAL_TIM_OC_DelayElapsedCallback)
    HAL_TIM_PWM_ConfigChannel                0x080028af   Thumb Code   208  stm32f4xx_hal_tim.o(i.HAL_TIM_PWM_ConfigChannel)
    HAL_TIM_PWM_Init                         0x0800297f   Thumb Code    54  stm32f4xx_hal_tim.o(i.HAL_TIM_PWM_Init)
    HAL_TIM_PWM_MspInit                      0x080029b5   Thumb Code   130  tim.o(i.HAL_TIM_PWM_MspInit)
    HAL_TIM_PWM_PulseFinishedCallback        0x08002a51   Thumb Code     2  stm32f4xx_hal_tim.o(i.HAL_TIM_PWM_PulseFinishedCallback)
    HAL_TIM_PWM_Start                        0x08002a55   Thumb Code    48  stm32f4xx_hal_tim.o(i.HAL_TIM_PWM_Start)
    HAL_TIM_PeriodElapsedCallback            0x08002a8d   Thumb Code    14  main.o(i.HAL_TIM_PeriodElapsedCallback)
    HAL_TIM_TriggerCallback                  0x08002aa1   Thumb Code     2  stm32f4xx_hal_tim.o(i.HAL_TIM_TriggerCallback)
    HAL_UART_ErrorCallback                   0x08002aa3   Thumb Code     2  stm32f4xx_hal_uart.o(i.HAL_UART_ErrorCallback)
    HAL_UART_IRQHandler                      0x08002aa5   Thumb Code   266  stm32f4xx_hal_uart.o(i.HAL_UART_IRQHandler)
    HAL_UART_Init                            0x08002bb5   Thumb Code    98  stm32f4xx_hal_uart.o(i.HAL_UART_Init)
    HAL_UART_MspInit                         0x08002c19   Thumb Code   554  usart.o(i.HAL_UART_MspInit)
    HAL_UART_RxCpltCallback                  0x08002e75   Thumb Code     2  stm32f4xx_hal_uart.o(i.HAL_UART_RxCpltCallback)
    HAL_UART_TxCpltCallback                  0x08002e77   Thumb Code     2  stm32f4xx_hal_uart.o(i.HAL_UART_TxCpltCallback)
    HardFault_Handler                        0x08002e79   Thumb Code     2  stm32f4xx_it.o(i.HardFault_Handler)
    MPU_Set_Accel_Fsr                        0x08002e7b   Thumb Code    10  mpu.o(i.MPU_Set_Accel_Fsr)
    MPU_Set_Gyro_Fsr                         0x08002e85   Thumb Code    10  mpu.o(i.MPU_Set_Gyro_Fsr)
    MX_CAN1_Init                             0x08002e91   Thumb Code    60  can.o(i.MX_CAN1_Init)
    MX_CAN2_Init                             0x08002ed5   Thumb Code    64  can.o(i.MX_CAN2_Init)
    MX_DMA_Init                              0x08002f1d   Thumb Code   104  dma.o(i.MX_DMA_Init)
    MX_FREERTOS_Init                         0x08002f89   Thumb Code    90  freertos.o(i.MX_FREERTOS_Init)
    MX_GPIO_Init                             0x08002fed   Thumb Code   308  gpio.o(i.MX_GPIO_Init)
    MX_SPI5_Init                             0x08003141   Thumb Code    62  spi.o(i.MX_SPI5_Init)
    MX_TIM12_Init                            0x08003189   Thumb Code    92  tim.o(i.MX_TIM12_Init)
    MX_TIM2_Init                             0x080031ed   Thumb Code   134  tim.o(i.MX_TIM2_Init)
    MX_TIM3_Init                             0x08003279   Thumb Code   102  tim.o(i.MX_TIM3_Init)
    MX_TIM4_Init                             0x080032e9   Thumb Code   132  tim.o(i.MX_TIM4_Init)
    MX_TIM5_Init                             0x08003375   Thumb Code   144  tim.o(i.MX_TIM5_Init)
    MX_TIM8_Init                             0x0800340d   Thumb Code   172  tim.o(i.MX_TIM8_Init)
    MX_USART1_UART_Init                      0x080034c1   Thumb Code    50  usart.o(i.MX_USART1_UART_Init)
    MX_USART2_UART_Init                      0x08003501   Thumb Code    48  usart.o(i.MX_USART2_UART_Init)
    MX_USART3_UART_Init                      0x08003539   Thumb Code    48  usart.o(i.MX_USART3_UART_Init)
    MX_USART6_UART_Init                      0x08003571   Thumb Code    48  usart.o(i.MX_USART6_UART_Init)
    MemManage_Handler                        0x080035a9   Thumb Code     2  stm32f4xx_it.o(i.MemManage_Handler)
    MyUartFrameIRQHandler                    0x080035ad   Thumb Code    70  bsp_uart.o(i.MyUartFrameIRQHandler)
    NMI_Handler                              0x08003605   Thumb Code     2  stm32f4xx_it.o(i.NMI_Handler)
    PID_struct_init                          0x08003629   Thumb Code    16  pid.o(i.PID_struct_init)
    StartDefaultTask                         0x080036f7   Thumb Code    18  freertos.o(i.StartDefaultTask)
    StartIdleMonitor                         0x08003709   Thumb Code    22  cpu_utils.o(i.StartIdleMonitor)
    SysTick_Handler                          0x08003725   Thumb Code     4  stm32f4xx_it.o(i.SysTick_Handler)
    SystemClock_Config                       0x08003729   Thumb Code   156  main.o(i.SystemClock_Config)
    SystemInit                               0x080037cd   Thumb Code    66  system_stm32f4xx.o(i.SystemInit)
    TIM6_DAC_IRQHandler                      0x08003821   Thumb Code     6  stm32f4xx_it.o(i.TIM6_DAC_IRQHandler)
    TIM_Base_SetConfig                       0x0800382d   Thumb Code   148  stm32f4xx_hal_tim.o(i.TIM_Base_SetConfig)
    TIM_CCxChannelCmd                        0x080038ed   Thumb Code    22  stm32f4xx_hal_tim.o(i.TIM_CCxChannelCmd)
    TIM_OC2_SetConfig                        0x0800395d   Thumb Code    90  stm32f4xx_hal_tim.o(i.TIM_OC2_SetConfig)
    USART1_IRQHandler                        0x08003e89   Thumb Code    18  stm32f4xx_it.o(i.USART1_IRQHandler)
    USART2_IRQHandler                        0x08003ea1   Thumb Code    18  stm32f4xx_it.o(i.USART2_IRQHandler)
    USART3_IRQHandler                        0x08003eb9   Thumb Code    18  stm32f4xx_it.o(i.USART3_IRQHandler)
    USART6_IRQHandler                        0x08003ed1   Thumb Code    18  stm32f4xx_it.o(i.USART6_IRQHandler)
    Uart_Callback_RC_Handle                  0x08003ee9   Thumb Code   180  bsp_uart.o(i.Uart_Callback_RC_Handle)
    UsageFault_Handler                       0x08003f9d   Thumb Code     2  stm32f4xx_it.o(i.UsageFault_Handler)
    Verify_CRC16_Check_Sum                   0x08003fa1   Thumb Code    54  judge_sys.o(i.Verify_CRC16_Check_Sum)
    Verify_CRC8_Check_Sum                    0x08003fdd   Thumb Code    42  judge_sys.o(i.Verify_CRC8_Check_Sum)
    __ARM_fpclassifyf                        0x08004007   Thumb Code    38  fpclassifyf.o(i.__ARM_fpclassifyf)
    __hardfp_atan2f                          0x0800402d   Thumb Code   502  atan2f.o(i.__hardfp_atan2f)
    __mathlib_flt_infnan2                    0x0800427d   Thumb Code     6  funder.o(i.__mathlib_flt_infnan2)
    __mathlib_flt_underflow                  0x08004285   Thumb Code    10  funder.o(i.__mathlib_flt_underflow)
    abs_limit                                0x08004295   Thumb Code    42  pid.o(i.abs_limit)
    can_send_gimbal_iq                       0x080042c1   Thumb Code    78  gimbal_task.o(i.can_send_gimbal_iq)
    chassis_pid_param_init                   0x08004315   Thumb Code   116  chassis_task.o(i.chassis_pid_param_init)
    chassis_task                             0x080043a1   Thumb Code   352  chassis_task.o(i.chassis_task)
    dbus_init                                0x08004531   Thumb Code    32  bsp_uart.o(i.dbus_init)
    detect_task                              0x08004559   Thumb Code   162  error_task.o(i.detect_task)
    err_detector_hook                        0x08004609   Thumb Code    26  error_task.o(i.err_detector_hook)
    get_chassis_mode_set_ref                 0x08004629   Thumb Code    34  chassis_task.o(i.get_chassis_mode_set_ref)
    get_moto_measure                         0x08004651   Thumb Code    96  bsp_can.o(i.get_moto_measure)
    get_moto_offset                          0x080046b1   Thumb Code    12  bsp_can.o(i.get_moto_offset)
    get_relative_pos                         0x080046bd   Thumb Code    44  gimbal_task.o(i.get_relative_pos)
    gimbalCaliHook                           0x080046e9   Thumb Code    38  calibrate.o(i.gimbalCaliHook)
    gimbal_pid_init                          0x0800471d   Thumb Code   204  gimbal_task.o(i.gimbal_pid_init)
    gimbal_task                              0x08004821   Thumb Code   918  gimbal_task.o(i.gimbal_task)
    global_err_detector_init                 0x08004c39   Thumb Code   296  error_task.o(i.global_err_detector_init)
    imuCaliHook                              0x08004d69   Thumb Code   164  calibrate.o(i.imuCaliHook)
    ist8310_get_data                         0x08004e19   Thumb Code    10  mpu.o(i.ist8310_get_data)
    ist8310_init                             0x08004e23   Thumb Code   256  mpu.o(i.ist8310_init)
    judge_sys_init                           0x08004f9d   Thumb Code    32  bsp_uart.o(i.judge_sys_init)
    judgementDataHandler                     0x08004fc5   Thumb Code   132  judge_sys.o(i.judgementDataHandler)
    key_fsm                                  0x08005051   Thumb Code    46  keyboard.o(i.key_fsm)
    main                                     0x08005081   Thumb Code   178  main.o(i.main)
    manifold_uart_init                       0x08005155   Thumb Code    32  bsp_uart.o(i.manifold_uart_init)
    mecanum_calc                             0x0800517d   Thumb Code   316  chassis_task.o(i.mecanum_calc)
    mpu_device_init                          0x080052dd   Thumb Code    90  mpu.o(i.mpu_device_init)
    mpu_get_data                             0x08005341   Thumb Code   304  mpu.o(i.mpu_get_data)
    mpu_offset_cal                           0x08005515   Thumb Code   160  mpu.o(i.mpu_offset_cal)
    mpu_read_reg                             0x080055b9   Thumb Code    68  mpu.o(i.mpu_read_reg)
    mpu_read_regs                            0x08005609   Thumb Code    80  mpu.o(i.mpu_read_regs)
    mpu_write_reg                            0x08005665   Thumb Code    72  mpu.o(i.mpu_write_reg)
    my_can_filter_init_recv_all              0x080056b9   Thumb Code    84  bsp_can.o(i.my_can_filter_init_recv_all)
    osDelay                                  0x08005719   Thumb Code    14  cmsis_os.o(i.osDelay)
    osKernelStart                            0x08005727   Thumb Code    10  cmsis_os.o(i.osKernelStart)
    osSystickHandler                         0x08005731   Thumb Code    20  cmsis_os.o(i.osSystickHandler)
    osThreadCreate                           0x08005745   Thumb Code    56  cmsis_os.o(i.osThreadCreate)
    pc_kb_hook                               0x0800577d   Thumb Code   236  keyboard.o(i.pc_kb_hook)
    pid_calc                                 0x08005879   Thumb Code   400  pid.o(i.pid_calc)
    pvPortMalloc                             0x08005bb5   Thumb Code   210  heap_4.o(i.pvPortMalloc)
    pxPortInitialiseStack                    0x08005c8d   Thumb Code    36  port.o(i.pxPortInitialiseStack)
    reset_zgyro                              0x08005cb5   Thumb Code    92  chassis_task.o(i.reset_zgyro)
    set_cm_current                           0x08005d15   Thumb Code    78  chassis_task.o(i.set_cm_current)
    shoot_task                               0x08005d65   Thumb Code   234  gimbal_task.o(i.shoot_task)
    uart_reset_idle_rx_callback              0x08005e6d   Thumb Code   204  bsp_uart.o(i.uart_reset_idle_rx_callback)
    uxListRemove                             0x08005f41   Thumb Code    36  list.o(i.uxListRemove)
    vApplicationIdleHook                     0x08005f65   Thumb Code    18  cpu_utils.o(i.vApplicationIdleHook)
    vApplicationTickHook                     0x08005f7d   Thumb Code    50  cpu_utils.o(i.vApplicationTickHook)
    vListInitialise                          0x08005fb5   Thumb Code    22  list.o(i.vListInitialise)
    vListInitialiseItem                      0x08005fcb   Thumb Code     6  list.o(i.vListInitialiseItem)
    vListInsert                              0x08005fd1   Thumb Code    48  list.o(i.vListInsert)
    vListInsertEnd                           0x08006001   Thumb Code    24  list.o(i.vListInsertEnd)
    vPortEnterCritical                       0x08006019   Thumb Code    54  port.o(i.vPortEnterCritical)
    vPortExitCritical                        0x08006059   Thumb Code    34  port.o(i.vPortExitCritical)
    vPortFree                                0x08006081   Thumb Code    88  heap_4.o(i.vPortFree)
    vPortSetupTimerInterrupt                 0x080060dd   Thumb Code    26  port.o(i.vPortSetupTimerInterrupt)
    vPortValidateInterruptPriority           0x080060fd   Thumb Code    74  port.o(i.vPortValidateInterruptPriority)
    vTaskDelay                               0x08006151   Thumb Code    94  tasks.o(i.vTaskDelay)
    vTaskStartScheduler                      0x080061b9   Thumb Code    86  tasks.o(i.vTaskStartScheduler)
    vTaskSuspendAll                          0x08006221   Thumb Code    10  tasks.o(i.vTaskSuspendAll)
    vTaskSwitchContext                       0x08006231   Thumb Code    94  tasks.o(i.vTaskSwitchContext)
    xPortStartScheduler                      0x08006299   Thumb Code   202  port.o(i.xPortStartScheduler)
    xPortSysTickHandler                      0x08006379   Thumb Code    38  port.o(i.xPortSysTickHandler)
    xTaskGenericCreate                       0x080063a5   Thumb Code   430  tasks.o(i.xTaskGenericCreate)
    xTaskGetCurrentTaskHandle                0x08006561   Thumb Code     6  tasks.o(i.xTaskGetCurrentTaskHandle)
    xTaskGetSchedulerState                   0x0800656d   Thumb Code    22  tasks.o(i.xTaskGetSchedulerState)
    xTaskGetTickCountFromISR                 0x08006589   Thumb Code    12  tasks.o(i.xTaskGetTickCountFromISR)
    xTaskIncrementTick                       0x08006599   Thumb Code   204  tasks.o(i.xTaskIncrementTick)
    xTaskResumeAll                           0x0800666d   Thumb Code   182  tasks.o(i.xTaskResumeAll)
    __aeabi_d2f                              0x08006731   Thumb Code     0  d2f.o(x$fpl$d2f)
    _d2f                                     0x08006731   Thumb Code    98  d2f.o(x$fpl$d2f)
    __aeabi_dadd                             0x08006795   Thumb Code     0  daddsub_clz.o(x$fpl$dadd)
    _dadd                                    0x08006795   Thumb Code   332  daddsub_clz.o(x$fpl$dadd)
    __aeabi_i2d                              0x080068e5   Thumb Code     0  dflt_clz.o(x$fpl$dflt)
    _dflt                                    0x080068e5   Thumb Code    46  dflt_clz.o(x$fpl$dflt)
    __aeabi_dmul                             0x08006915   Thumb Code     0  dmul.o(x$fpl$dmul)
    _dmul                                    0x08006915   Thumb Code   332  dmul.o(x$fpl$dmul)
    __fpl_dnaninf                            0x08006a69   Thumb Code   156  dnaninf.o(x$fpl$dnaninf)
    __fpl_dretinf                            0x08006b05   Thumb Code    12  dretinf.o(x$fpl$dretinf)
    __aeabi_dsub                             0x08006b11   Thumb Code     0  daddsub_clz.o(x$fpl$dsub)
    _dsub                                    0x08006b11   Thumb Code   464  daddsub_clz.o(x$fpl$dsub)
    __aeabi_f2d                              0x08006ce5   Thumb Code     0  f2d.o(x$fpl$f2d)
    _f2d                                     0x08006ce5   Thumb Code    86  f2d.o(x$fpl$f2d)
    __fpl_fnaninf                            0x08006d3b   Thumb Code   140  fnaninf.o(x$fpl$fnaninf)
    _fp_init                                 0x08006dc7   Thumb Code    10  fpinit.o(x$fpl$fpinit)
    __fplib_config_fpu_vfp                   0x08006dcf   Thumb Code     0  fpinit.o(x$fpl$fpinit)
    __fplib_config_pureend_doubles           0x08006dcf   Thumb Code     0  fpinit.o(x$fpl$fpinit)
    __fpl_fretinf                            0x08006dd1   Thumb Code    10  fretinf.o(x$fpl$fretinf)
    __I$use$fp                               0x08006dda   Number         0  usenofp.o(x$fpl$usenofp)
    APBAHBPrescTable                         0x08006e2c   Data          16  stm32f4xx_hal_rcc.o(.constdata)
    CRC8_TAB                                 0x08006e58   Data         256  judge_sys.o(.constdata)
    wCRC_Table                               0x08006f58   Data         512  judge_sys.o(.constdata)
    Region$$Table$$Base                      0x08007184   Number         0  anon$$obj.o(Region$$Table)
    Region$$Table$$Limit                     0x080071a4   Number         0  anon$$obj.o(Region$$Table)
    defaultTaskHandle                        0x20000000   Data           4  freertos.o(.data)
    wheel_s_f                                0x20000008   Data           4  chassis_task.o(.data)
    wheel_s_r                                0x2000000c   Data           4  chassis_task.o(.data)
    current_3510                             0x20000010   Data           8  chassis_task.o(.data)
    c_shoot_cmd                              0x20000018   Data           1  gimbal_task.o(.data)
    shoot_cmd                                0x20000019   Data           1  gimbal_task.o(.data)
    pit_relative_pos                         0x2000001a   Data           2  gimbal_task.o(.data)
    yaw_relative_pos                         0x2000001c   Data           2  gimbal_task.o(.data)
    yaw_angle_ref                            0x20000020   Data           4  gimbal_task.o(.data)
    pit_angle_ref                            0x20000024   Data           4  gimbal_task.o(.data)
    yaw_angle_fdb                            0x20000028   Data           4  gimbal_task.o(.data)
    pit_angle_fdb                            0x2000002c   Data           4  gimbal_task.o(.data)
    pit_center_offset                        0x20000030   Data           4  gimbal_task.o(.data)
    yaw_center_offset                        0x20000034   Data           4  gimbal_task.o(.data)
    fric_wheel_run                           0x20000038   Data           4  gimbal_task.o(.data)
    trigger_dir                              0x2000003c   Data           4  gimbal_task.o(.data)
    imu_tmp_ref                              0x20000040   Data           4  gimbal_task.o(.data)
    pit_p_r                                  0x20000044   Data           4  gimbal_task.o(.data)
    pit_p_f                                  0x20000048   Data           4  gimbal_task.o(.data)
    yaw_p_r                                  0x2000004c   Data           4  gimbal_task.o(.data)
    yaw_p_f                                  0x20000050   Data           4  gimbal_task.o(.data)
    yaw_s_r                                  0x20000054   Data           4  gimbal_task.o(.data)
    yaw_s_f                                  0x20000058   Data           4  gimbal_task.o(.data)
    pit_relative_angle                       0x2000005c   Data           4  gimbal_task.o(.data)
    yaw_relative_angle                       0x20000060   Data           4  gimbal_task.o(.data)
    continue_shoot_time                      0x20000064   Data           4  gimbal_task.o(.data)
    last_sw1                                 0x20000068   Data           4  gimbal_task.o(.data)
    trigger_spd_ref                          0x2000006c   Data           4  gimbal_task.o(.data)
    trigger_pos_ref                          0x20000070   Data           4  gimbal_task.o(.data)
    imu_tmp                                  0x20000074   Data           4  gimbal_task.o(.data)
    systime                                  0x20000078   Data           4  error_task.o(.data)
    xIdleHandle                              0x2000007c   Data           4  cpu_utils.o(.data)
    osCPU_Usage                              0x20000080   Data           4  cpu_utils.o(.data)
    osCPU_IdleStartTime                      0x20000084   Data           4  cpu_utils.o(.data)
    osCPU_IdleSpentTime                      0x20000088   Data           4  cpu_utils.o(.data)
    osCPU_TotalIdleTime                      0x2000008c   Data           4  cpu_utils.o(.data)
    SystemCoreClock                          0x20000094   Data           4  system_stm32f4xx.o(.data)
    pxCurrentTCB                             0x200000bc   Data           4  tasks.o(.data)
    uwTick                                   0x200000f4   Data           4  stm32f4xx_hal.o(.data)
    yaw_zgyro_angle                          0x200000fc   Data           4  bsp_can.o(.data)
    SectorError                              0x20000100   Data           4  bsp_flash.o(.data)
    id                                       0x20000106   Data           1  mpu.o(.data)
    test_yaw1                                0x20000108   Data           4  mpu.o(.data)
    ist_buff                                 0x2000010c   Data           6  mpu.o(.data)
    CRC_INIT                                 0x20000124   Data           2  judge_sys.o(.data)
    testNum                                  0x20000126   Data           2  judge_sys.o(.data)
    testCmdId                                0x20000128   Data           2  judge_sys.o(.data)
    testRealBloodChangedData                 0x2000012a   Data           3  judge_sys.o(.data)
    testFrameHeader                          0x2000012d   Data           5  judge_sys.o(.data)
    left_key_sta                             0x20000132   Data           1  keyboard.o(.data)
    right_key_sta                            0x20000133   Data           1  keyboard.o(.data)
    left_key                                 0x20000134   Data           1  keyboard.o(.data)
    right_key                                0x20000135   Data           1  keyboard.o(.data)
    max_kb_move_speed                        0x20000136   Data           2  keyboard.o(.data)
    htim6                                    0x20000138   Data          60  stm32f4xx_hal_timebase_tim.o(.bss)
    hcan1                                    0x20000174   Data          64  can.o(.bss)
    hcan2                                    0x200001b4   Data          64  can.o(.bss)
    hspi5                                    0x200001f4   Data          88  spi.o(.bss)
    huart1                                   0x2000024c   Data          64  usart.o(.bss)
    huart2                                   0x2000028c   Data          64  usart.o(.bss)
    huart3                                   0x200002cc   Data          64  usart.o(.bss)
    huart6                                   0x2000030c   Data          64  usart.o(.bss)
    hdma_usart1_rx                           0x2000034c   Data          96  usart.o(.bss)
    hdma_usart2_rx                           0x200003ac   Data          96  usart.o(.bss)
    hdma_usart3_rx                           0x2000040c   Data          96  usart.o(.bss)
    hdma_usart6_rx                           0x2000046c   Data          96  usart.o(.bss)
    htim2                                    0x200004cc   Data          60  tim.o(.bss)
    htim3                                    0x20000508   Data          60  tim.o(.bss)
    htim4                                    0x20000544   Data          60  tim.o(.bss)
    htim5                                    0x20000580   Data          60  tim.o(.bss)
    htim8                                    0x200005bc   Data          60  tim.o(.bss)
    htim12                                   0x200005f8   Data          60  tim.o(.bss)
    chassis                                  0x20000634   Data          56  chassis_task.o(.bss)
    gYaw                                     0x2000066c   Data          16  gimbal_task.o(.bss)
    gRxErr                                   0x2000067c   Data         148  error_task.o(.bss)
    pFlash                                   0x20004400   Data          32  stm32f4xx_hal_flash.o(.bss)
    moto_chassis                             0x20004420   Data         112  bsp_can.o(.bss)
    moto_pit                                 0x20004510   Data          28  bsp_can.o(.bss)
    moto_yaw                                 0x2000452c   Data          28  bsp_can.o(.bss)
    moto_trigger                             0x20004548   Data          28  bsp_can.o(.bss)
    rc                                       0x20004578   Data          20  bsp_uart.o(.bss)
    dbus_buff                                0x2000458c   Data          20  bsp_uart.o(.bss)
    SendData                                 0x200045a0   Data          28  bsp_uart.o(.bss)
    ReceData                                 0x200045bc   Data          17  bsp_uart.o(.bss)
    vision_buff                              0x200045cd   Data          18  bsp_uart.o(.bss)
    auto_send                                0x200045df   Data          29  bsp_uart.o(.bss)
    pid_pit                                  0x200045fc   Data         108  pid.o(.bss)
    pid_yaw                                  0x20004668   Data         108  pid.o(.bss)
    pid_yaw_speed                            0x200046d4   Data         108  pid.o(.bss)
    pid_pit_speed                            0x20004740   Data         108  pid.o(.bss)
    pid_spd                                  0x200047ac   Data         432  pid.o(.bss)
    pid_chassis_angle                        0x2000495c   Data         108  pid.o(.bss)
    pid_trigger                              0x200049c8   Data         108  pid.o(.bss)
    pid_trigger_speed                        0x20004a34   Data         108  pid.o(.bss)
    pid_imu_tmp                              0x20004aa0   Data         108  pid.o(.bss)
    imu                                      0x20004b0c   Data          52  mpu.o(.bss)
    mpu_buff                                 0x20004b40   Data          14  mpu.o(.bss)
    mpu_data                                 0x20004b4e   Data          32  mpu.o(.bss)
    gAppParam                                0x20004b7c   Data          53  calibrate.o(.bss)
    judge_buf                                0x20004bb1   Data         100  judge_sys.o(.bss)
    testGameInfo                             0x20004c15   Data          35  judge_sys.o(.bss)
    testRealShootData                        0x20004c38   Data          16  judge_sys.o(.bss)
    km                                       0x20004c48   Data          20  keyboard.o(.bss)
    __libspace_start                         0x20004c5c   Data          96  libspace.o(.bss)
    __temporary_stack_top$libspace           0x20004cbc   Data           0  libspace.o(.bss)



==============================================================================

Memory Map of the image

  Image Entry point : 0x080001ad

  Load Region LR_IROM1 (Base: 0x08000000, Size: 0x000072dc, Max: 0x00200000, ABSOLUTE, COMPRESSED[0x000071c4])

    Execution Region ER_IROM1 (Base: 0x08000000, Size: 0x000071a4, Max: 0x00200000, ABSOLUTE)

    Base Addr    Size         Type   Attr      Idx    E Section Name        Object

    0x08000000   0x000001ac   Data   RO         1094    RESET               startup_stm32f427xx.o
    0x080001ac   0x00000008   Code   RO         5267  * !!!main             c_w.l(__main.o)
    0x080001b4   0x00000034   Code   RO         5492    !!!scatter          c_w.l(__scatter.o)
    0x080001e8   0x0000003a   Code   RO         5490    !!dczerorl          c_w.l(__dczerorl.o)
    0x08000222   0x00000002   PAD
    0x08000224   0x0000001c   Code   RO         5494    !!handler_zi        c_w.l(__scatter_zi.o)
    0x08000240   0x00000002   Code   RO         5363    .ARM.Collect$$libinit$$00000000  c_w.l(libinit.o)
    0x08000242   0x00000004   Code   RO         5366    .ARM.Collect$$libinit$$00000001  c_w.l(libinit2.o)
    0x08000246   0x00000000   Code   RO         5369    .ARM.Collect$$libinit$$00000004  c_w.l(libinit2.o)
    0x08000246   0x00000000   Code   RO         5372    .ARM.Collect$$libinit$$0000000A  c_w.l(libinit2.o)
    0x08000246   0x00000000   Code   RO         5374    .ARM.Collect$$libinit$$0000000C  c_w.l(libinit2.o)
    0x08000246   0x00000000   Code   RO         5376    .ARM.Collect$$libinit$$0000000E  c_w.l(libinit2.o)
    0x08000246   0x00000000   Code   RO         5379    .ARM.Collect$$libinit$$00000011  c_w.l(libinit2.o)
    0x08000246   0x00000000   Code   RO         5381    .ARM.Collect$$libinit$$00000013  c_w.l(libinit2.o)
    0x08000246   0x00000000   Code   RO         5383    .ARM.Collect$$libinit$$00000015  c_w.l(libinit2.o)
    0x08000246   0x00000000   Code   RO         5385    .ARM.Collect$$libinit$$00000017  c_w.l(libinit2.o)
    0x08000246   0x00000000   Code   RO         5387    .ARM.Collect$$libinit$$00000019  c_w.l(libinit2.o)
    0x08000246   0x00000000   Code   RO         5389    .ARM.Collect$$libinit$$0000001B  c_w.l(libinit2.o)
    0x08000246   0x00000000   Code   RO         5391    .ARM.Collect$$libinit$$0000001D  c_w.l(libinit2.o)
    0x08000246   0x00000000   Code   RO         5393    .ARM.Collect$$libinit$$0000001F  c_w.l(libinit2.o)
    0x08000246   0x00000000   Code   RO         5395    .ARM.Collect$$libinit$$00000021  c_w.l(libinit2.o)
    0x08000246   0x00000000   Code   RO         5397    .ARM.Collect$$libinit$$00000023  c_w.l(libinit2.o)
    0x08000246   0x00000000   Code   RO         5399    .ARM.Collect$$libinit$$00000025  c_w.l(libinit2.o)
    0x08000246   0x00000000   Code   RO         5403    .ARM.Collect$$libinit$$0000002C  c_w.l(libinit2.o)
    0x08000246   0x00000000   Code   RO         5405    .ARM.Collect$$libinit$$0000002E  c_w.l(libinit2.o)
    0x08000246   0x00000000   Code   RO         5407    .ARM.Collect$$libinit$$00000030  c_w.l(libinit2.o)
    0x08000246   0x00000000   Code   RO         5409    .ARM.Collect$$libinit$$00000032  c_w.l(libinit2.o)
    0x08000246   0x00000002   Code   RO         5410    .ARM.Collect$$libinit$$00000033  c_w.l(libinit2.o)
    0x08000248   0x00000002   Code   RO         5430    .ARM.Collect$$libshutdown$$00000000  c_w.l(libshutdown.o)
    0x0800024a   0x00000000   Code   RO         5443    .ARM.Collect$$libshutdown$$00000002  c_w.l(libshutdown2.o)
    0x0800024a   0x00000000   Code   RO         5445    .ARM.Collect$$libshutdown$$00000004  c_w.l(libshutdown2.o)
    0x0800024a   0x00000000   Code   RO         5448    .ARM.Collect$$libshutdown$$00000007  c_w.l(libshutdown2.o)
    0x0800024a   0x00000000   Code   RO         5451    .ARM.Collect$$libshutdown$$0000000A  c_w.l(libshutdown2.o)
    0x0800024a   0x00000000   Code   RO         5453    .ARM.Collect$$libshutdown$$0000000C  c_w.l(libshutdown2.o)
    0x0800024a   0x00000000   Code   RO         5456    .ARM.Collect$$libshutdown$$0000000F  c_w.l(libshutdown2.o)
    0x0800024a   0x00000002   Code   RO         5457    .ARM.Collect$$libshutdown$$00000010  c_w.l(libshutdown2.o)
    0x0800024c   0x00000000   Code   RO         5299    .ARM.Collect$$rtentry$$00000000  c_w.l(__rtentry.o)
    0x0800024c   0x00000000   Code   RO         5330    .ARM.Collect$$rtentry$$00000002  c_w.l(__rtentry2.o)
    0x0800024c   0x00000006   Code   RO         5342    .ARM.Collect$$rtentry$$00000004  c_w.l(__rtentry4.o)
    0x08000252   0x00000000   Code   RO         5332    .ARM.Collect$$rtentry$$00000009  c_w.l(__rtentry2.o)
    0x08000252   0x00000004   Code   RO         5333    .ARM.Collect$$rtentry$$0000000A  c_w.l(__rtentry2.o)
    0x08000256   0x00000000   Code   RO         5335    .ARM.Collect$$rtentry$$0000000C  c_w.l(__rtentry2.o)
    0x08000256   0x00000008   Code   RO         5336    .ARM.Collect$$rtentry$$0000000D  c_w.l(__rtentry2.o)
    0x0800025e   0x00000002   Code   RO         5364    .ARM.Collect$$rtexit$$00000000  c_w.l(rtexit.o)
    0x08000260   0x00000000   Code   RO         5412    .ARM.Collect$$rtexit$$00000002  c_w.l(rtexit2.o)
    0x08000260   0x00000004   Code   RO         5413    .ARM.Collect$$rtexit$$00000003  c_w.l(rtexit2.o)
    0x08000264   0x00000006   Code   RO         5414    .ARM.Collect$$rtexit$$00000004  c_w.l(rtexit2.o)
    0x0800026a   0x00000002   PAD
    0x0800026c   0x000000ba   Code   RO         1510    .emb_text           port.o
    0x08000326   0x00000002   PAD
    0x08000328   0x00000040   Code   RO         1095    .text               startup_stm32f427xx.o
    0x08000368   0x0000008a   Code   RO         5259    .text               c_w.l(rt_memcpy_v6.o)
    0x080003f2   0x00000064   Code   RO         5261    .text               c_w.l(rt_memcpy_w.o)
    0x08000456   0x00000010   Code   RO         5263    .text               c_w.l(aeabi_memset.o)
    0x08000466   0x00000006   Code   RO         5265    .text               c_w.l(heapauxi.o)
    0x0800046c   0x00000044   Code   RO         5302    .text               c_w.l(rt_memclr.o)
    0x080004b0   0x0000004e   Code   RO         5349    .text               c_w.l(rt_memclr_w.o)
    0x080004fe   0x00000002   PAD
    0x08000500   0x00000008   Code   RO         5351    .text               c_w.l(libspace.o)
    0x08000508   0x0000004a   Code   RO         5354    .text               c_w.l(sys_stackheap_outer.o)
    0x08000552   0x00000012   Code   RO         5356    .text               c_w.l(exit.o)
    0x08000564   0x0000000c   Code   RO         5422    .text               c_w.l(sys_exit.o)
    0x08000570   0x00000002   Code   RO         5433    .text               c_w.l(use_no_semi.o)
    0x08000572   0x00000000   Code   RO         5435    .text               c_w.l(indicate_semi.o)
    0x08000572   0x00000002   PAD
    0x08000574   0x00000028   Code   RO         5089    i.AppParamInit      calibrate.o
    0x0800059c   0x00000014   Code   RO         5090    i.AppParamReadFromFlash  calibrate.o
    0x080005b0   0x0000000c   Code   RO         5091    i.AppParamSave2Flash  calibrate.o
    0x080005bc   0x0000005c   Code   RO         4789    i.BSP_FLASH_Write   bsp_flash.o
    0x08000618   0x00000002   Code   RO          255    i.BusFault_Handler  stm32f4xx_it.o
    0x0800061a   0x00000002   PAD
    0x0800061c   0x0000000c   Code   RO          256    i.CAN1_RX0_IRQHandler  stm32f4xx_it.o
    0x08000628   0x0000000c   Code   RO          257    i.CAN1_TX_IRQHandler  stm32f4xx_it.o
    0x08000634   0x0000000c   Code   RO          258    i.CAN2_RX0_IRQHandler  stm32f4xx_it.o
    0x08000640   0x0000000c   Code   RO          259    i.CAN2_TX_IRQHandler  stm32f4xx_it.o
    0x0800064c   0x00000128   Code   RO         2865    i.CAN_Receive_IT    stm32f4xx_hal_can.o
    0x08000774   0x00000060   Code   RO         2866    i.CAN_Transmit_IT   stm32f4xx_hal_can.o
    0x080007d4   0x0000000c   Code   RO          260    i.DMA1_Stream1_IRQHandler  stm32f4xx_it.o
    0x080007e0   0x0000000c   Code   RO          261    i.DMA1_Stream5_IRQHandler  stm32f4xx_it.o
    0x080007ec   0x0000000c   Code   RO          262    i.DMA2_Stream1_IRQHandler  stm32f4xx_it.o
    0x080007f8   0x0000000c   Code   RO          263    i.DMA2_Stream2_IRQHandler  stm32f4xx_it.o
    0x08000804   0x00000028   Code   RO         3702    i.DMA_CalcBaseAndBitshift  stm32f4xx_hal_dma.o
    0x0800082c   0x00000054   Code   RO         3703    i.DMA_CheckFifoParam  stm32f4xx_hal_dma.o
    0x08000880   0x00000028   Code   RO         3704    i.DMA_SetConfig     stm32f4xx_hal_dma.o
    0x080008a8   0x00000002   Code   RO          264    i.DebugMon_Handler  stm32f4xx_it.o
    0x080008aa   0x00000002   PAD
    0x080008ac   0x00000024   Code   RO         1010    i.EndIdleMonitor    cpu_utils.o
    0x080008d0   0x00000002   Code   RO          551    i.Error_Handler     main.o
    0x080008d2   0x00000002   PAD
    0x080008d4   0x00000060   Code   RO         3441    i.FLASH_Erase_Sector  stm32f4xx_hal_flash_ex.o
    0x08000934   0x00000054   Code   RO         3442    i.FLASH_FlushCaches  stm32f4xx_hal_flash_ex.o
    0x08000988   0x00000040   Code   RO         3443    i.FLASH_MassErase   stm32f4xx_hal_flash_ex.o
    0x080009c8   0x00000020   Code   RO         2516    i.FLASH_Program_Byte  stm32f4xx_hal_flash.o
    0x080009e8   0x00000028   Code   RO         2517    i.FLASH_Program_DoubleWord  stm32f4xx_hal_flash.o
    0x08000a10   0x00000024   Code   RO         2518    i.FLASH_Program_HalfWord  stm32f4xx_hal_flash.o
    0x08000a34   0x00000024   Code   RO         2519    i.FLASH_Program_Word  stm32f4xx_hal_flash.o
    0x08000a58   0x00000088   Code   RO         2520    i.FLASH_SetErrorCode  stm32f4xx_hal_flash.o
    0x08000ae0   0x00000058   Code   RO         2521    i.FLASH_WaitForLastOperation  stm32f4xx_hal_flash.o
    0x08000b38   0x0000017c   Code   RO         4790    i.GetSector         bsp_flash.o
    0x08000cb4   0x0000002c   Code   RO         5150    i.Get_CRC16_Check_Sum  judge_sys.o
    0x08000ce0   0x00000020   Code   RO         5151    i.Get_CRC8_Check_Sum  judge_sys.o
    0x08000d00   0x000000e4   Code   RO         2867    i.HAL_CAN_ConfigFilter  stm32f4xx_hal_can.o
    0x08000de4   0x00000002   Code   RO         2869    i.HAL_CAN_ErrorCallback  stm32f4xx_hal_can.o
    0x08000de6   0x00000002   PAD
    0x08000de8   0x00000180   Code   RO         2872    i.HAL_CAN_IRQHandler  stm32f4xx_hal_can.o
    0x08000f68   0x00000148   Code   RO         2873    i.HAL_CAN_Init      stm32f4xx_hal_can.o
    0x080010b0   0x000000e0   Code   RO          435    i.HAL_CAN_MspInit   can.o
    0x08001190   0x00000086   Code   RO         2877    i.HAL_CAN_Receive_IT  stm32f4xx_hal_can.o
    0x08001216   0x00000002   PAD
    0x08001218   0x000000f8   Code   RO         4736    i.HAL_CAN_RxCpltCallback  bsp_can.o
    0x08001310   0x00000194   Code   RO         2880    i.HAL_CAN_Transmit  stm32f4xx_hal_can.o
    0x080014a4   0x00000002   Code   RO         2882    i.HAL_CAN_TxCpltCallback  stm32f4xx_hal_can.o
    0x080014a6   0x00000024   Code   RO         3706    i.HAL_DMA_Abort_IT  stm32f4xx_hal_dma.o
    0x080014ca   0x00000002   PAD
    0x080014cc   0x000001a8   Code   RO         3710    i.HAL_DMA_IRQHandler  stm32f4xx_hal_dma.o
    0x08001674   0x000000d0   Code   RO         3711    i.HAL_DMA_Init      stm32f4xx_hal_dma.o
    0x08001744   0x00000046   Code   RO         3714    i.HAL_DMA_Start     stm32f4xx_hal_dma.o
    0x0800178a   0x00000016   Code   RO         2641    i.HAL_Delay         stm32f4xx_hal.o
    0x080017a0   0x0000009c   Code   RO         3448    i.HAL_FLASHEx_Erase  stm32f4xx_hal_flash_ex.o
    0x0800183c   0x00000014   Code   RO         2525    i.HAL_FLASH_Lock    stm32f4xx_hal_flash.o
    0x08001850   0x0000007c   Code   RO         2530    i.HAL_FLASH_Program  stm32f4xx_hal_flash.o
    0x080018cc   0x00000028   Code   RO         2532    i.HAL_FLASH_Unlock  stm32f4xx_hal_flash.o
    0x080018f4   0x000001cc   Code   RO         3378    i.HAL_GPIO_Init     stm32f4xx_hal_gpio.o
    0x08001ac0   0x0000000a   Code   RO         3382    i.HAL_GPIO_WritePin  stm32f4xx_hal_gpio.o
    0x08001aca   0x00000002   PAD
    0x08001acc   0x0000000c   Code   RO         2649    i.HAL_GetTick       stm32f4xx_hal.o
    0x08001ad8   0x00000010   Code   RO         2650    i.HAL_IncTick       stm32f4xx_hal.o
    0x08001ae8   0x00000034   Code   RO         2651    i.HAL_Init          stm32f4xx_hal.o
    0x08001b1c   0x00000074   Code   RO          394    i.HAL_InitTick      stm32f4xx_hal_timebase_tim.o
    0x08001b90   0x00000058   Code   RO          221    i.HAL_MspInit       stm32f4xx_hal_msp.o
    0x08001be8   0x00000016   Code   RO         2144    i.HAL_NVIC_EnableIRQ  stm32f4xx_hal_cortex.o
    0x08001bfe   0x00000002   PAD
    0x08001c00   0x00000040   Code   RO         2150    i.HAL_NVIC_SetPriority  stm32f4xx_hal_cortex.o
    0x08001c40   0x00000024   Code   RO         2151    i.HAL_NVIC_SetPriorityGrouping  stm32f4xx_hal_cortex.o
    0x08001c64   0x0000008c   Code   RO         2799    i.HAL_PWREx_EnableOverDrive  stm32f4xx_hal_pwr_ex.o
    0x08001cf0   0x0000017c   Code   RO         3271    i.HAL_RCC_ClockConfig  stm32f4xx_hal_rcc.o
    0x08001e6c   0x00000040   Code   RO         3275    i.HAL_RCC_GetClockConfig  stm32f4xx_hal_rcc.o
    0x08001eac   0x0000000c   Code   RO         3276    i.HAL_RCC_GetHCLKFreq  stm32f4xx_hal_rcc.o
    0x08001eb8   0x00000030   Code   RO         3278    i.HAL_RCC_GetPCLK1Freq  stm32f4xx_hal_rcc.o
    0x08001ee8   0x00000030   Code   RO         3279    i.HAL_RCC_GetPCLK2Freq  stm32f4xx_hal_rcc.o
    0x08001f18   0x00000074   Code   RO         3280    i.HAL_RCC_GetSysClockFreq  stm32f4xx_hal_rcc.o
    0x08001f8c   0x000002e4   Code   RO         3283    i.HAL_RCC_OscConfig  stm32f4xx_hal_rcc.o
    0x08002270   0x00000080   Code   RO         4465    i.HAL_SPI_Init      stm32f4xx_hal_spi.o
    0x080022f0   0x0000004c   Code   RO          626    i.HAL_SPI_MspInit   spi.o
    0x0800233c   0x000001d8   Code   RO         4474    i.HAL_SPI_TransmitReceive  stm32f4xx_hal_spi.o
    0x08002514   0x00000018   Code   RO         2153    i.HAL_SYSTICK_CLKSourceConfig  stm32f4xx_hal_cortex.o
    0x0800252c   0x00000028   Code   RO         2155    i.HAL_SYSTICK_Config  stm32f4xx_hal_cortex.o
    0x08002554   0x00000002   Code   RO         3031    i.HAL_TIMEx_BreakCallback  stm32f4xx_hal_tim_ex.o
    0x08002556   0x00000002   Code   RO         3032    i.HAL_TIMEx_CommutationCallback  stm32f4xx_hal_tim_ex.o
    0x08002558   0x00000042   Code   RO         3033    i.HAL_TIMEx_ConfigBreakDeadTime  stm32f4xx_hal_tim_ex.o
    0x0800259a   0x00000050   Code   RO         3048    i.HAL_TIMEx_MasterConfigSynchronization  stm32f4xx_hal_tim_ex.o
    0x080025ea   0x00000036   Code   RO         3810    i.HAL_TIM_Base_Init  stm32f4xx_hal_tim.o
    0x08002620   0x00000002   Code   RO         3812    i.HAL_TIM_Base_MspInit  stm32f4xx_hal_tim.o
    0x08002622   0x00000018   Code   RO         3815    i.HAL_TIM_Base_Start_IT  stm32f4xx_hal_tim.o
    0x0800263a   0x00000002   Code   RO         3839    i.HAL_TIM_IC_CaptureCallback  stm32f4xx_hal_tim.o
    0x0800263c   0x00000166   Code   RO         3852    i.HAL_TIM_IRQHandler  stm32f4xx_hal_tim.o
    0x080027a2   0x00000002   PAD
    0x080027a4   0x00000108   Code   RO          727    i.HAL_TIM_MspPostInit  tim.o
    0x080028ac   0x00000002   Code   RO         3855    i.HAL_TIM_OC_DelayElapsedCallback  stm32f4xx_hal_tim.o
    0x080028ae   0x000000d0   Code   RO         3876    i.HAL_TIM_PWM_ConfigChannel  stm32f4xx_hal_tim.o
    0x0800297e   0x00000036   Code   RO         3879    i.HAL_TIM_PWM_Init  stm32f4xx_hal_tim.o
    0x080029b4   0x0000009c   Code   RO          729    i.HAL_TIM_PWM_MspInit  tim.o
    0x08002a50   0x00000002   Code   RO         3882    i.HAL_TIM_PWM_PulseFinishedCallback  stm32f4xx_hal_tim.o
    0x08002a52   0x00000002   PAD
    0x08002a54   0x00000038   Code   RO         3883    i.HAL_TIM_PWM_Start  stm32f4xx_hal_tim.o
    0x08002a8c   0x00000014   Code   RO          552    i.HAL_TIM_PeriodElapsedCallback  main.o
    0x08002aa0   0x00000002   Code   RO         3893    i.HAL_TIM_TriggerCallback  stm32f4xx_hal_tim.o
    0x08002aa2   0x00000002   Code   RO         2276    i.HAL_UART_ErrorCallback  stm32f4xx_hal_uart.o
    0x08002aa4   0x00000110   Code   RO         2279    i.HAL_UART_IRQHandler  stm32f4xx_hal_uart.o
    0x08002bb4   0x00000062   Code   RO         2280    i.HAL_UART_Init     stm32f4xx_hal_uart.o
    0x08002c16   0x00000002   PAD
    0x08002c18   0x0000025c   Code   RO          668    i.HAL_UART_MspInit  usart.o
    0x08002e74   0x00000002   Code   RO         2286    i.HAL_UART_RxCpltCallback  stm32f4xx_hal_uart.o
    0x08002e76   0x00000002   Code   RO         2291    i.HAL_UART_TxCpltCallback  stm32f4xx_hal_uart.o
    0x08002e78   0x00000002   Code   RO          265    i.HardFault_Handler  stm32f4xx_it.o
    0x08002e7a   0x0000000a   Code   RO         4973    i.MPU_Set_Accel_Fsr  mpu.o
    0x08002e84   0x0000000a   Code   RO         4974    i.MPU_Set_Gyro_Fsr  mpu.o
    0x08002e8e   0x00000002   PAD
    0x08002e90   0x00000044   Code   RO          436    i.MX_CAN1_Init      can.o
    0x08002ed4   0x00000048   Code   RO          437    i.MX_CAN2_Init      can.o
    0x08002f1c   0x0000006c   Code   RO          500    i.MX_DMA_Init       dma.o
    0x08002f88   0x00000064   Code   RO            3    i.MX_FREERTOS_Init  freertos.o
    0x08002fec   0x00000154   Code   RO          527    i.MX_GPIO_Init      gpio.o
    0x08003140   0x00000048   Code   RO          627    i.MX_SPI5_Init      spi.o
    0x08003188   0x00000064   Code   RO          730    i.MX_TIM12_Init     tim.o
    0x080031ec   0x0000008c   Code   RO          731    i.MX_TIM2_Init      tim.o
    0x08003278   0x00000070   Code   RO          732    i.MX_TIM3_Init      tim.o
    0x080032e8   0x0000008c   Code   RO          733    i.MX_TIM4_Init      tim.o
    0x08003374   0x00000098   Code   RO          734    i.MX_TIM5_Init      tim.o
    0x0800340c   0x000000b4   Code   RO          735    i.MX_TIM8_Init      tim.o
    0x080034c0   0x00000040   Code   RO          669    i.MX_USART1_UART_Init  usart.o
    0x08003500   0x00000038   Code   RO          670    i.MX_USART2_UART_Init  usart.o
    0x08003538   0x00000038   Code   RO          671    i.MX_USART3_UART_Init  usart.o
    0x08003570   0x00000038   Code   RO          672    i.MX_USART6_UART_Init  usart.o
    0x080035a8   0x00000002   Code   RO          266    i.MemManage_Handler  stm32f4xx_it.o
    0x080035aa   0x00000002   PAD
    0x080035ac   0x00000058   Code   RO         4830    i.MyUartFrameIRQHandler  bsp_uart.o
    0x08003604   0x00000002   Code   RO          267    i.NMI_Handler       stm32f4xx_it.o
    0x08003606   0x00000020   Code   RO         2157    i.NVIC_SetPriority  stm32f4xx_hal_cortex.o
    0x08003626   0x00000002   PAD
    0x08003628   0x00000018   Code   RO         4912    i.PID_struct_init   pid.o
    0x08003640   0x00000020   Code   RO         4487    i.SPI_CheckFlag_BSY  stm32f4xx_hal_spi.o
    0x08003660   0x00000096   Code   RO         4503    i.SPI_WaitFlagStateUntilTimeout  stm32f4xx_hal_spi.o
    0x080036f6   0x00000012   Code   RO            4    i.StartDefaultTask  freertos.o
    0x08003708   0x0000001c   Code   RO         1011    i.StartIdleMonitor  cpu_utils.o
    0x08003724   0x00000004   Code   RO          268    i.SysTick_Handler   stm32f4xx_it.o
    0x08003728   0x000000a4   Code   RO          553    i.SystemClock_Config  main.o
    0x080037cc   0x00000054   Code   RO         1062    i.SystemInit        system_stm32f4xx.o
    0x08003820   0x0000000c   Code   RO          269    i.TIM6_DAC_IRQHandler  stm32f4xx_it.o
    0x0800382c   0x000000c0   Code   RO         3894    i.TIM_Base_SetConfig  stm32f4xx_hal_tim.o
    0x080038ec   0x00000016   Code   RO         3895    i.TIM_CCxChannelCmd  stm32f4xx_hal_tim.o
    0x08003902   0x00000002   PAD
    0x08003904   0x00000058   Code   RO         3903    i.TIM_OC1_SetConfig  stm32f4xx_hal_tim.o
    0x0800395c   0x00000064   Code   RO         3904    i.TIM_OC2_SetConfig  stm32f4xx_hal_tim.o
    0x080039c0   0x00000060   Code   RO         3905    i.TIM_OC3_SetConfig  stm32f4xx_hal_tim.o
    0x08003a20   0x00000050   Code   RO         3906    i.TIM_OC4_SetConfig  stm32f4xx_hal_tim.o
    0x08003a70   0x00000010   Code   RO         2293    i.UART_DMAAbortOnError  stm32f4xx_hal_uart.o
    0x08003a80   0x0000001c   Code   RO         2299    i.UART_EndRxTransfer  stm32f4xx_hal_uart.o
    0x08003a9c   0x0000004e   Code   RO         4831    i.UART_Receive_DMA_No_IT  bsp_uart.o
    0x08003aea   0x0000008c   Code   RO         2301    i.UART_Receive_IT   stm32f4xx_hal_uart.o
    0x08003b76   0x00000002   PAD
    0x08003b78   0x000002ac   Code   RO         2302    i.UART_SetConfig    stm32f4xx_hal_uart.o
    0x08003e24   0x00000062   Code   RO         2303    i.UART_Transmit_IT  stm32f4xx_hal_uart.o
    0x08003e86   0x00000002   PAD
    0x08003e88   0x00000018   Code   RO          270    i.USART1_IRQHandler  stm32f4xx_it.o
    0x08003ea0   0x00000018   Code   RO          271    i.USART2_IRQHandler  stm32f4xx_it.o
    0x08003eb8   0x00000018   Code   RO          272    i.USART3_IRQHandler  stm32f4xx_it.o
    0x08003ed0   0x00000018   Code   RO          273    i.USART6_IRQHandler  stm32f4xx_it.o
    0x08003ee8   0x000000b4   Code   RO         4832    i.Uart_Callback_RC_Handle  bsp_uart.o
    0x08003f9c   0x00000002   Code   RO          274    i.UsageFault_Handler  stm32f4xx_it.o
    0x08003f9e   0x00000002   PAD
    0x08003fa0   0x0000003c   Code   RO         5152    i.Verify_CRC16_Check_Sum  judge_sys.o
    0x08003fdc   0x0000002a   Code   RO         5153    i.Verify_CRC8_Check_Sum  judge_sys.o
    0x08004006   0x00000026   Code   RO         5313    i.__ARM_fpclassifyf  m_wm.l(fpclassifyf.o)
    0x0800402c   0x00000250   Code   RO         5287    i.__hardfp_atan2f   m_wm.l(atan2f.o)
    0x0800427c   0x00000006   Code   RO         5317    i.__mathlib_flt_infnan2  m_wm.l(funder.o)
    0x08004282   0x00000002   PAD
    0x08004284   0x00000010   Code   RO         5321    i.__mathlib_flt_underflow  m_wm.l(funder.o)
    0x08004294   0x0000002a   Code   RO         4913    i.abs_limit         pid.o
    0x080042be   0x00000002   PAD
    0x080042c0   0x00000054   Code   RO          894    i.can_send_gimbal_iq  gimbal_task.o
    0x08004314   0x0000008c   Code   RO          805    i.chassis_pid_param_init  chassis_task.o
    0x080043a0   0x00000190   Code   RO          806    i.chassis_task      chassis_task.o
    0x08004530   0x00000028   Code   RO         4833    i.dbus_init         bsp_uart.o
    0x08004558   0x000000b0   Code   RO          965    i.detect_task       error_task.o
    0x08004608   0x00000020   Code   RO          966    i.err_detector_hook  error_task.o
    0x08004628   0x00000028   Code   RO          807    i.get_chassis_mode_set_ref  chassis_task.o
    0x08004650   0x00000060   Code   RO         4737    i.get_moto_measure  bsp_can.o
    0x080046b0   0x0000000c   Code   RO         4738    i.get_moto_offset   bsp_can.o
    0x080046bc   0x0000002c   Code   RO          895    i.get_relative_pos  gimbal_task.o
    0x080046e8   0x00000034   Code   RO         5092    i.gimbalCaliHook    calibrate.o
    0x0800471c   0x00000104   Code   RO          896    i.gimbal_pid_init   gimbal_task.o
    0x08004820   0x00000418   Code   RO          897    i.gimbal_task       gimbal_task.o
    0x08004c38   0x00000130   Code   RO          967    i.global_err_detector_init  error_task.o
    0x08004d68   0x000000b0   Code   RO         5093    i.imuCaliHook       calibrate.o
    0x08004e18   0x0000000a   Code   RO         4976    i.ist8310_get_data  mpu.o
    0x08004e22   0x00000100   Code   RO         4977    i.ist8310_init      mpu.o
    0x08004f22   0x00000038   Code   RO         4978    i.ist_reg_read_by_mpu  mpu.o
    0x08004f5a   0x00000042   Code   RO         4979    i.ist_reg_write_by_mpu  mpu.o
    0x08004f9c   0x00000028   Code   RO         4834    i.judge_sys_init    bsp_uart.o
    0x08004fc4   0x0000008c   Code   RO         5154    i.judgementDataHandler  judge_sys.o
    0x08005050   0x0000002e   Code   RO         5220    i.key_fsm           keyboard.o
    0x0800507e   0x00000002   PAD
    0x08005080   0x000000c8   Code   RO          554    i.main              main.o
    0x08005148   0x0000000c   Code   RO         1170    i.makeFreeRtosPriority  cmsis_os.o
    0x08005154   0x00000028   Code   RO         4835    i.manifold_uart_init  bsp_uart.o
    0x0800517c   0x00000160   Code   RO          808    i.mecanum_calc      chassis_task.o
    0x080052dc   0x00000064   Code   RO         4980    i.mpu_device_init   mpu.o
    0x08005340   0x00000144   Code   RO         4981    i.mpu_get_data      mpu.o
    0x08005484   0x0000008e   Code   RO         4982    i.mpu_mst_i2c_auto_read_config  mpu.o
    0x08005512   0x00000002   PAD
    0x08005514   0x000000a4   Code   RO         4983    i.mpu_offset_cal    mpu.o
    0x080055b8   0x00000050   Code   RO         4984    i.mpu_read_reg      mpu.o
    0x08005608   0x0000005c   Code   RO         4985    i.mpu_read_regs     mpu.o
    0x08005664   0x00000054   Code   RO         4986    i.mpu_write_reg     mpu.o
    0x080056b8   0x00000060   Code   RO         4739    i.my_can_filter_init_recv_all  bsp_can.o
    0x08005718   0x0000000e   Code   RO         1171    i.osDelay           cmsis_os.o
    0x08005726   0x0000000a   Code   RO         1174    i.osKernelStart     cmsis_os.o
    0x08005730   0x00000014   Code   RO         1203    i.osSystickHandler  cmsis_os.o
    0x08005744   0x00000038   Code   RO         1204    i.osThreadCreate    cmsis_os.o
    0x0800577c   0x000000fc   Code   RO         5221    i.pc_kb_hook        keyboard.o
    0x08005878   0x00000194   Code   RO         4914    i.pid_calc          pid.o
    0x08005a0c   0x0000000e   Code   RO         4915    i.pid_param_init    pid.o
    0x08005a1a   0x00000006   Code   RO         4916    i.pid_reset         pid.o
    0x08005a20   0x00000034   Code   RO         1740    i.prvAddCurrentTaskToDelayedList  tasks.o
    0x08005a54   0x00000054   Code   RO         1741    i.prvCheckTasksWaitingTermination  tasks.o
    0x08005aa8   0x0000004c   Code   RO         1099    i.prvHeapInit       heap_4.o
    0x08005af4   0x0000002c   Code   RO         1742    i.prvIdleTask       tasks.o
    0x08005b20   0x0000004c   Code   RO         1100    i.prvInsertBlockIntoFreeList  heap_4.o
    0x08005b6c   0x00000020   Code   RO         1744    i.prvResetNextTaskUnblockTime  tasks.o
    0x08005b8c   0x00000028   Code   RO         1511    i.prvTaskExitError  port.o
    0x08005bb4   0x000000d8   Code   RO         1101    i.pvPortMalloc      heap_4.o
    0x08005c8c   0x00000028   Code   RO         1512    i.pxPortInitialiseStack  port.o
    0x08005cb4   0x00000060   Code   RO          809    i.reset_zgyro       chassis_task.o
    0x08005d14   0x0000004e   Code   RO          810    i.set_cm_current    chassis_task.o
    0x08005d62   0x00000002   PAD
    0x08005d64   0x00000108   Code   RO          898    i.shoot_task        gimbal_task.o
    0x08005e6c   0x000000d4   Code   RO         4836    i.uart_reset_idle_rx_callback  bsp_uart.o
    0x08005f40   0x00000024   Code   RO         2102    i.uxListRemove      list.o
    0x08005f64   0x00000018   Code   RO         1013    i.vApplicationIdleHook  cpu_utils.o
    0x08005f7c   0x00000038   Code   RO         1014    i.vApplicationTickHook  cpu_utils.o
    0x08005fb4   0x00000016   Code   RO         2103    i.vListInitialise   list.o
    0x08005fca   0x00000006   Code   RO         2104    i.vListInitialiseItem  list.o
    0x08005fd0   0x00000030   Code   RO         2105    i.vListInsert       list.o
    0x08006000   0x00000018   Code   RO         2106    i.vListInsertEnd    list.o
    0x08006018   0x00000040   Code   RO         1514    i.vPortEnterCritical  port.o
    0x08006058   0x00000028   Code   RO         1515    i.vPortExitCritical  port.o
    0x08006080   0x0000005c   Code   RO         1102    i.vPortFree         heap_4.o
    0x080060dc   0x00000020   Code   RO         1516    i.vPortSetupTimerInterrupt  port.o
    0x080060fc   0x00000054   Code   RO         1517    i.vPortValidateInterruptPriority  port.o
    0x08006150   0x00000068   Code   RO         1754    i.vTaskDelay        tasks.o
    0x080061b8   0x00000068   Code   RO         1766    i.vTaskStartScheduler  tasks.o
    0x08006220   0x00000010   Code   RO         1768    i.vTaskSuspendAll   tasks.o
    0x08006230   0x00000068   Code   RO         1769    i.vTaskSwitchContext  tasks.o
    0x08006298   0x000000e0   Code   RO         1518    i.xPortStartScheduler  port.o
    0x08006378   0x0000002c   Code   RO         1519    i.xPortSysTickHandler  port.o
    0x080063a4   0x000001bc   Code   RO         1771    i.xTaskGenericCreate  tasks.o
    0x08006560   0x0000000c   Code   RO         1774    i.xTaskGetCurrentTaskHandle  tasks.o
    0x0800656c   0x0000001c   Code   RO         1775    i.xTaskGetSchedulerState  tasks.o
    0x08006588   0x00000010   Code   RO         1777    i.xTaskGetTickCountFromISR  tasks.o
    0x08006598   0x000000d4   Code   RO         1778    i.xTaskIncrementTick  tasks.o
    0x0800666c   0x000000c4   Code   RO         1784    i.xTaskResumeAll    tasks.o
    0x08006730   0x00000062   Code   RO         5269    x$fpl$d2f           fz_wm.l(d2f.o)
    0x08006792   0x00000002   PAD
    0x08006794   0x00000150   Code   RO         5271    x$fpl$dadd          fz_wm.l(daddsub_clz.o)
    0x080068e4   0x0000002e   Code   RO         5278    x$fpl$dflt          fz_wm.l(dflt_clz.o)
    0x08006912   0x00000002   PAD
    0x08006914   0x00000154   Code   RO         5283    x$fpl$dmul          fz_wm.l(dmul.o)
    0x08006a68   0x0000009c   Code   RO         5304    x$fpl$dnaninf       fz_wm.l(dnaninf.o)
    0x08006b04   0x0000000c   Code   RO         5306    x$fpl$dretinf       fz_wm.l(dretinf.o)
    0x08006b10   0x000001d4   Code   RO         5273    x$fpl$dsub          fz_wm.l(daddsub_clz.o)
    0x08006ce4   0x00000056   Code   RO         5285    x$fpl$f2d           fz_wm.l(f2d.o)
    0x08006d3a   0x0000008c   Code   RO         5308    x$fpl$fnaninf       fz_wm.l(fnaninf.o)
    0x08006dc6   0x0000000a   Code   RO         5420    x$fpl$fpinit        fz_wm.l(fpinit.o)
    0x08006dd0   0x0000000a   Code   RO         5310    x$fpl$fretinf       fz_wm.l(fretinf.o)
    0x08006dda   0x00000000   Code   RO         5312    x$fpl$usenofp       fz_wm.l(usenofp.o)
    0x08006dda   0x00000002   PAD
    0x08006ddc   0x00000050   Data   RO            5    .constdata          freertos.o
    0x08006e2c   0x00000010   Data   RO         3284    .constdata          stm32f4xx_hal_rcc.o
    0x08006e3c   0x00000008   Data   RO         3717    .constdata          stm32f4xx_hal_dma.o
    0x08006e44   0x00000014   Data   RO         4988    .constdata          mpu.o
    0x08006e58   0x00000300   Data   RO         5157    .constdata          judge_sys.o
    0x08007158   0x0000002c   Data   RO            6    .conststring        freertos.o
    0x08007184   0x00000020   Data   RO         5488    Region$$Table       anon$$obj.o


    Execution Region RW_IRAM1 (Base: 0x20000000, Size: 0x000052c0, Max: 0x00030000, ABSOLUTE, COMPRESSED[0x00000020])

    Base Addr    Size         Type   Attr      Idx    E Section Name        Object

    0x20000000   0x00000004   Data   RW            7    .data               freertos.o
    0x20000004   0x00000004   Data   RW          439    .data               can.o
    0x20000008   0x00000010   Data   RW          812    .data               chassis_task.o
    0x20000018   0x00000060   Data   RW          900    .data               gimbal_task.o
    0x20000078   0x00000004   Data   RW          969    .data               error_task.o
    0x2000007c   0x00000018   Data   RW         1015    .data               cpu_utils.o
    0x20000094   0x00000004   Data   RW         1064    .data               system_stm32f4xx.o
    0x20000098   0x00000018   Data   RW         1107    .data               heap_4.o
    0x200000b0   0x0000000c   Data   RW         1520    .data               port.o
    0x200000bc   0x00000038   Data   RW         1787    .data               tasks.o
    0x200000f4   0x00000004   Data   RW         2657    .data               stm32f4xx_hal.o
    0x200000f8   0x00000008   Data   RW         4741    .data               bsp_can.o
    0x20000100   0x00000004   Data   RW         4792    .data               bsp_flash.o
    0x20000104   0x0000001c   Data   RW         4989    .data               mpu.o
    0x20000120   0x00000004   Data   RW         5095    .data               calibrate.o
    0x20000124   0x0000000e   Data   RW         5158    .data               judge_sys.o
    0x20000132   0x00000006   Data   RW         5225    .data               keyboard.o
    0x20000138   0x0000003c   Zero   RW          397    .bss                stm32f4xx_hal_timebase_tim.o
    0x20000174   0x00000080   Zero   RW          438    .bss                can.o
    0x200001f4   0x00000058   Zero   RW          628    .bss                spi.o
    0x2000024c   0x00000280   Zero   RW          673    .bss                usart.o
    0x200004cc   0x00000168   Zero   RW          736    .bss                tim.o
    0x20000634   0x00000038   Zero   RW          811    .bss                chassis_task.o
    0x2000066c   0x00000010   Zero   RW          899    .bss                gimbal_task.o
    0x2000067c   0x00000094   Zero   RW          968    .bss                error_task.o
    0x20000710   0x00003c00   Zero   RW         1106    .bss                heap_4.o
    0x20004310   0x000000f0   Zero   RW         1786    .bss                tasks.o
    0x20004400   0x00000020   Zero   RW         2533    .bss                stm32f4xx_hal_flash.o
    0x20004420   0x00000144   Zero   RW         4740    .bss                bsp_can.o
    0x20004564   0x00000014   Zero   RW         4791    .bss                bsp_flash.o
    0x20004578   0x00000084   Zero   RW         4838    .bss                bsp_uart.o
    0x200045fc   0x0000006c   Zero   RW         4918    .bss                pid.o
    0x20004668   0x0000006c   Zero   RW         4919    .bss                pid.o
    0x200046d4   0x0000006c   Zero   RW         4920    .bss                pid.o
    0x20004740   0x0000006c   Zero   RW         4921    .bss                pid.o
    0x200047ac   0x000001b0   Zero   RW         4922    .bss                pid.o
    0x2000495c   0x0000006c   Zero   RW         4923    .bss                pid.o
    0x200049c8   0x0000006c   Zero   RW         4924    .bss                pid.o
    0x20004a34   0x0000006c   Zero   RW         4925    .bss                pid.o
    0x20004aa0   0x0000006c   Zero   RW         4926    .bss                pid.o
    0x20004b0c   0x00000062   Zero   RW         4987    .bss                mpu.o
    0x20004b6e   0x00000002   PAD
    0x20004b70   0x00000041   Zero   RW         5094    .bss                calibrate.o
    0x20004bb1   0x00000097   Zero   RW         5155    .bss                judge_sys.o
    0x20004c48   0x00000014   Zero   RW         5222    .bss                keyboard.o
    0x20004c5c   0x00000060   Zero   RW         5352    .bss                c_w.l(libspace.o)
    0x20004cbc   0x00000004   PAD
    0x20004cc0   0x00000200   Zero   RW         1093    HEAP                startup_stm32f427xx.o
    0x20004ec0   0x00000400   Zero   RW         1092    STACK               startup_stm32f427xx.o


==============================================================================

Image component sizes


      Code (inc. data)   RO Data    RW Data    ZI Data      Debug   Object Name

       452         38          0          8        324       4858   bsp_can.o
       472        100          0          4         20       2160   bsp_flash.o
       678         50          0          0        132       6257   bsp_uart.o
       300         62          0          4         65       3743   calibrate.o
       364         40          0          4        128       2354   can.o
      1106        118          0         16         56       5812   chassis_task.o
       112          0          0          0          0      13636   cmsis_os.o
       144         22          0         24          0       2592   cpu_utils.o
       108          4          0          0          0        794   dma.o
       512         28          0          4        148       2906   error_task.o
       118         10        124          4          0     393009   freertos.o
      1700        222          0         96         16       5334   gimbal_task.o
       340         32          0          0          0       1127   gpio.o
       460         24          0         24      15360       8623   heap_4.o
       318         26        768         14        151       5494   judge_sys.o
       298         16          0          6         20       2610   keyboard.o
       136          0          0          0          0       3490   list.o
       386         36          0          0          0       2872   main.o
      1394         70         20         28         98       9474   mpu.o
       490         12          0          0       1296       4971   pid.o
       754         84          0         12          0      17505   port.o
       148         22          0          0         88       1573   spi.o
        64         26        428          0       1536        804   startup_stm32f427xx.o
       102         16          0          4          0       3516   stm32f4xx_hal.o
      1874         38          0          0          0       7704   stm32f4xx_hal_can.o
       218         14          0          0          0      30965   stm32f4xx_hal_cortex.o
       902         22          8          0          0       6247   stm32f4xx_hal_dma.o
       552         66          0          0         32       6542   stm32f4xx_hal_flash.o
       400         26          0          0          0       4334   stm32f4xx_hal_flash_ex.o
       470         52          0          0          0       2512   stm32f4xx_hal_gpio.o
        88          0          0          0          0        514   stm32f4xx_hal_msp.o
       140         14          0          0          0       1268   stm32f4xx_hal_pwr_ex.o
      1408         90         16          0          0       6484   stm32f4xx_hal_rcc.o
       782          0          0          0          0       4369   stm32f4xx_hal_spi.o
      1342         88          0          0          0      12757   stm32f4xx_hal_tim.o
       150          0          0          0          0       3146   stm32f4xx_hal_tim_ex.o
       116         16          0          0         60       1416   stm32f4xx_hal_timebase_tim.o
      1342         14          0          0          0       7363   stm32f4xx_hal_uart.o
       220         78          0          0          0       9207   stm32f4xx_it.o
        84         18          0          4          0       1317   system_stm32f4xx.o
      1448        124          0         56        240      15433   tasks.o
      1244        114          0          0        360       5838   tim.o
       836         88          0          0        640       3973   usart.o

    ----------------------------------------------------------------------
     24618       1920       1396        312      20772     636903   Object Totals
         0          0         32          0          0          0   (incl. Generated)
        46          0          0          0          2          0   (incl. Padding)

    ----------------------------------------------------------------------

      Code (inc. data)   RO Data    RW Data    ZI Data      Debug   Library Member Name

        58          0          0          0          0          0   __dczerorl.o
         8          0          0          0          0         68   __main.o
         0          0          0          0          0          0   __rtentry.o
        12          0          0          0          0          0   __rtentry2.o
         6          0          0          0          0          0   __rtentry4.o
        52          8          0          0          0          0   __scatter.o
        28          0          0          0          0          0   __scatter_zi.o
        16          0          0          0          0         68   aeabi_memset.o
        18          0          0          0          0         80   exit.o
         6          0          0          0          0        152   heapauxi.o
         0          0          0          0          0          0   indicate_semi.o
         2          0          0          0          0          0   libinit.o
         6          0          0          0          0          0   libinit2.o
         2          0          0          0          0          0   libshutdown.o
         2          0          0          0          0          0   libshutdown2.o
         8          4          0          0         96         68   libspace.o
        68          0          0          0          0         68   rt_memclr.o
        78          0          0          0          0         80   rt_memclr_w.o
       138          0          0          0          0         68   rt_memcpy_v6.o
       100          0          0          0          0         80   rt_memcpy_w.o
         2          0          0          0          0          0   rtexit.o
        10          0          0          0          0          0   rtexit2.o
        12          4          0          0          0         68   sys_exit.o
        74          0          0          0          0         80   sys_stackheap_outer.o
         2          0          0          0          0         68   use_no_semi.o
        98          4          0          0          0        140   d2f.o
       804         16          0          0          0        368   daddsub_clz.o
        46          0          0          0          0        116   dflt_clz.o
       340         12          0          0          0        152   dmul.o
       156          4          0          0          0        140   dnaninf.o
        12          0          0          0          0        116   dretinf.o
        86          4          0          0          0        132   f2d.o
       140          4          0          0          0        132   fnaninf.o
        10          0          0          0          0        116   fpinit.o
        10          0          0          0          0        116   fretinf.o
         0          0          0          0          0          0   usenofp.o
       592         90          0          0          0        184   atan2f.o
        38          0          0          0          0        116   fpclassifyf.o
        22          6          0          0          0        232   funder.o

    ----------------------------------------------------------------------
      3078        156          0          0        100       3008   Library Totals
        16          0          0          0          4          0   (incl. Padding)

    ----------------------------------------------------------------------

      Code (inc. data)   RO Data    RW Data    ZI Data      Debug   Library Name

       708         16          0          0         96        948   c_w.l
      1702         44          0          0          0       1528   fz_wm.l
       652         96          0          0          0        532   m_wm.l

    ----------------------------------------------------------------------
      3078        156          0          0        100       3008   Library Totals

    ----------------------------------------------------------------------

==============================================================================


      Code (inc. data)   RO Data    RW Data    ZI Data      Debug   

     27696       2076       1396        312      20872     616095   Grand Totals
     27696       2076       1396         32      20872     616095   ELF Image Totals (compressed)
     27696       2076       1396         32          0          0   ROM Totals

==============================================================================

    Total RO  Size (Code + RO Data)                29092 (  28.41kB)
    Total RW  Size (RW Data + ZI Data)             21184 (  20.69kB)
    Total ROM Size (Code + RO Data + RW Data)      29124 (  28.44kB)

==============================================================================

