<html>
<body>
<pre>
<h1>µVision Build Log</h1>
<h2>Tool Versions:</h2>
IDE-Version: ¦ÌVision V5.20.0.0
Copyright (C) 2016 ARM Ltd and ARM Germany GmbH. All rights reserved.
License Information: stupid stupid, stupid, LIC=Q7GUH-WMJPY-F10PT-R184G-ZJPCE-KM6HF
 
Tool Versions:
Toolchain:       MDK-ARM Professional  Version: 5.20
Toolchain Path:  D:\Keil_v520\ARM\ARMCC\Bin
C Compiler:      Armcc.exe V5.06 update 2 (build 183)
Assembler:       Armasm.exe V5.06 update 2 (build 183)
Linker/Locator:  ArmLink.exe V5.06 update 2 (build 183)
Library Manager: ArmAr.exe V5.06 update 2 (build 183)
Hex Converter:   FromElf.exe V5.06 update 2 (build 183)
CPU DLL:         SARMCM3.DLL V5.20
Dialog DLL:      DCM.DLL V1.13.7.0
Target DLL:      STLink\ST-LINKIII-KEIL_SWO.dll V2.0.18.0
Dialog DLL:      TCM.DLL V1.14.9.0
 
<h2>Project:</h2>
E:\RoboMasters\2018SummerCamp\code\Webb_Bing_V1.4\Project\rm_infantry.uvprojx
Project File Date:  07/14/2018

<h2>Output:</h2>
*** Using Compiler 'V5.06 update 2 (build 183)', folder: 'D:\Keil_v520\ARM\ARMCC\Bin'
Build target 'rm_infantry'
compiling execute_task.c...
linking...
Program Size: Code=46280 RO-data=1156 RW-data=472 ZI-data=24560  
FromELF: creating hex file...
".\rm_infantry\rm_infantry.axf" - 0 Error(s), 0 Warning(s).

<h2>Collection of Component include folders:</h2>
  E:\RoboMasters\2018SummerCamp\code\Webb_Bing_V1.4\Project\RTE
  D:\Keil_v520\ARM\PACK\Keil\STM32F4xx_DFP\2.9.0\Drivers\CMSIS\Device\ST\STM32F4xx\Include

<h2>Collection of Component Files used:</h2>
Build Time Elapsed:  00:00:03
</pre>
</body>
</html>
